[2026-01-15T23:38:52.491+0530][0.017s][info][gc] Using G1
[2026-01-15T23:38:52.499+0530][0.024s][info][gc,init] Version: 17.0.12+8-LTS-286 (release)
[2026-01-15T23:38:52.499+0530][0.024s][info][gc,init] CPUs: 16 total, 16 available
[2026-01-15T23:38:52.499+0530][0.024s][info][gc,init] Memory: 14188M
[2026-01-15T23:38:52.499+0530][0.024s][info][gc,init] Large Page Support: Disabled
[2026-01-15T23:38:52.499+0530][0.024s][info][gc,init] NUMA Support: Disabled
[2026-01-15T23:38:52.499+0530][0.024s][info][gc,init] Compressed Oops: Enabled (32-bit)
[2026-01-15T23:38:52.499+0530][0.025s][info][gc,init] Heap Region Size: 1M
[2026-01-15T23:38:52.499+0530][0.025s][info][gc,init] Heap Min Capacity: 512M
[2026-01-15T23:38:52.499+0530][0.025s][info][gc,init] Heap Initial Capacity: 512M
[2026-01-15T23:38:52.499+0530][0.025s][info][gc,init] Heap Max Capacity: 512M
[2026-01-15T23:38:52.499+0530][0.025s][info][gc,init] Pre-touch: Disabled
[2026-01-15T23:38:52.499+0530][0.025s][info][gc,init] Parallel Workers: 13
[2026-01-15T23:38:52.499+0530][0.025s][info][gc,init] Concurrent Workers: 3
[2026-01-15T23:38:52.499+0530][0.025s][info][gc,init] Concurrent Refinement Workers: 13
[2026-01-15T23:38:52.499+0530][0.025s][info][gc,init] Periodic GC: Disabled
[2026-01-15T23:38:52.512+0530][0.038s][info][gc,metaspace] CDS archive(s) mapped at: [0x0000016300000000-0x0000016300bd0000-0x0000016300bd0000), size 12386304, SharedBaseAddress: 0x0000016300000000, ArchiveRelocationMode: 1.
[2026-01-15T23:38:52.512+0530][0.038s][info][gc,metaspace] Compressed class space mapped at: 0x0000016301000000-0x0000016341000000, reserved size: 1073741824
[2026-01-15T23:38:52.512+0530][0.038s][info][gc,metaspace] Narrow klass base: 0x0000016300000000, Narrow klass shift: 0, Narrow klass range: 0x100000000
[2026-01-15T23:38:53.431+0530][0.956s][info][gc,start    ] GC(0) Pause Young (Normal) (G1 Evacuation Pause)
[2026-01-15T23:38:53.432+0530][0.958s][info][gc,task     ] GC(0) Using 12 workers of 13 for evacuation
[2026-01-15T23:38:53.438+0530][0.964s][info][gc,phases   ] GC(0)   Pre Evacuate Collection Set: 0.1ms
[2026-01-15T23:38:53.438+0530][0.964s][info][gc,phases   ] GC(0)   Merge Heap Roots: 0.2ms
[2026-01-15T23:38:53.438+0530][0.964s][info][gc,phases   ] GC(0)   Evacuate Collection Set: 4.9ms
[2026-01-15T23:38:53.438+0530][0.964s][info][gc,phases   ] GC(0)   Post Evacuate Collection Set: 0.6ms
[2026-01-15T23:38:53.438+0530][0.964s][info][gc,phases   ] GC(0)   Other: 1.6ms
[2026-01-15T23:38:53.438+0530][0.964s][info][gc,heap     ] GC(0) Eden regions: 25->0(32)
[2026-01-15T23:38:53.438+0530][0.964s][info][gc,heap     ] GC(0) Survivor regions: 0->4(4)
[2026-01-15T23:38:53.438+0530][0.964s][info][gc,heap     ] GC(0) Old regions: 0->0
[2026-01-15T23:38:53.438+0530][0.964s][info][gc,heap     ] GC(0) Archive regions: 0->0
[2026-01-15T23:38:53.438+0530][0.964s][info][gc,heap     ] GC(0) Humongous regions: 0->0
[2026-01-15T23:38:53.438+0530][0.964s][info][gc,metaspace] GC(0) Metaspace: 7368K(7552K)->7368K(7552K) NonClass: 6576K(6656K)->6576K(6656K) Class: 791K(896K)->791K(896K)
[2026-01-15T23:38:53.438+0530][0.964s][info][gc          ] GC(0) Pause Young (Normal) (G1 Evacuation Pause) 25M->3M(512M) 7.746ms
[2026-01-15T23:38:53.438+0530][0.964s][info][gc,cpu      ] GC(0) User=0.00s Sys=0.00s Real=0.01s
[2026-01-15T23:38:55.016+0530][2.542s][info][gc,start    ] GC(1) Pause Young (Normal) (G1 Evacuation Pause)
[2026-01-15T23:38:55.017+0530][2.542s][info][gc,task     ] GC(1) Using 12 workers of 13 for evacuation
[2026-01-15T23:38:55.025+0530][2.551s][info][gc,phases   ] GC(1)   Pre Evacuate Collection Set: 0.1ms
[2026-01-15T23:38:55.025+0530][2.551s][info][gc,phases   ] GC(1)   Merge Heap Roots: 0.1ms
[2026-01-15T23:38:55.025+0530][2.551s][info][gc,phases   ] GC(1)   Evacuate Collection Set: 6.8ms
[2026-01-15T23:38:55.025+0530][2.551s][info][gc,phases   ] GC(1)   Post Evacuate Collection Set: 1.3ms
[2026-01-15T23:38:55.025+0530][2.551s][info][gc,phases   ] GC(1)   Other: 0.3ms
[2026-01-15T23:38:55.025+0530][2.551s][info][gc,heap     ] GC(1) Eden regions: 32->0(55)
[2026-01-15T23:38:55.025+0530][2.551s][info][gc,heap     ] GC(1) Survivor regions: 4->3(5)
[2026-01-15T23:38:55.025+0530][2.551s][info][gc,heap     ] GC(1) Old regions: 0->4
[2026-01-15T23:38:55.025+0530][2.551s][info][gc,heap     ] GC(1) Archive regions: 0->0
[2026-01-15T23:38:55.025+0530][2.551s][info][gc,heap     ] GC(1) Humongous regions: 0->0
[2026-01-15T23:38:55.025+0530][2.551s][info][gc,metaspace] GC(1) Metaspace: 12181K(12544K)->12181K(12544K) NonClass: 10803K(11008K)->10803K(11008K) Class: 1377K(1536K)->1377K(1536K)
[2026-01-15T23:38:55.026+0530][2.552s][info][gc          ] GC(1) Pause Young (Normal) (G1 Evacuation Pause) 35M->5M(512M) 9.349ms
[2026-01-15T23:38:55.026+0530][2.552s][info][gc,cpu      ] GC(1) User=0.14s Sys=0.11s Real=0.01s
[2026-01-15T23:38:56.057+0530][3.583s][info][gc,start    ] GC(2) Pause Young (Concurrent Start) (Metadata GC Threshold)
[2026-01-15T23:38:56.058+0530][3.583s][info][gc,task     ] GC(2) Using 12 workers of 13 for evacuation
[2026-01-15T23:38:56.063+0530][3.588s][info][gc,phases   ] GC(2)   Pre Evacuate Collection Set: 0.1ms
[2026-01-15T23:38:56.063+0530][3.589s][info][gc,phases   ] GC(2)   Merge Heap Roots: 0.1ms
[2026-01-15T23:38:56.063+0530][3.589s][info][gc,phases   ] GC(2)   Evacuate Collection Set: 4.0ms
[2026-01-15T23:38:56.063+0530][3.589s][info][gc,phases   ] GC(2)   Post Evacuate Collection Set: 0.8ms
[2026-01-15T23:38:56.063+0530][3.589s][info][gc,phases   ] GC(2)   Other: 0.3ms
[2026-01-15T23:38:56.063+0530][3.589s][info][gc,heap     ] GC(2) Eden regions: 55->0(302)
[2026-01-15T23:38:56.063+0530][3.589s][info][gc,heap     ] GC(2) Survivor regions: 3->5(8)
[2026-01-15T23:38:56.063+0530][3.589s][info][gc,heap     ] GC(2) Old regions: 4->4
[2026-01-15T23:38:56.063+0530][3.589s][info][gc,heap     ] GC(2) Archive regions: 0->0
[2026-01-15T23:38:56.063+0530][3.589s][info][gc,heap     ] GC(2) Humongous regions: 0->0
[2026-01-15T23:38:56.063+0530][3.589s][info][gc,metaspace] GC(2) Metaspace: 21124K(21504K)->21124K(21504K) NonClass: 18547K(18752K)->18547K(18752K) Class: 2577K(2752K)->2577K(2752K)
[2026-01-15T23:38:56.063+0530][3.589s][info][gc          ] GC(2) Pause Young (Concurrent Start) (Metadata GC Threshold) 60M->8M(512M) 5.527ms
[2026-01-15T23:38:56.063+0530][3.589s][info][gc,cpu      ] GC(2) User=0.00s Sys=0.00s Real=0.01s
[2026-01-15T23:38:56.063+0530][3.589s][info][gc          ] GC(3) Concurrent Mark Cycle
[2026-01-15T23:38:56.063+0530][3.589s][info][gc,marking  ] GC(3) Concurrent Clear Claimed Marks
[2026-01-15T23:38:56.063+0530][3.589s][info][gc,marking  ] GC(3) Concurrent Clear Claimed Marks 0.047ms
[2026-01-15T23:38:56.063+0530][3.589s][info][gc,marking  ] GC(3) Concurrent Scan Root Regions
[2026-01-15T23:38:56.065+0530][3.591s][info][gc,marking  ] GC(3) Concurrent Scan Root Regions 2.244ms
[2026-01-15T23:38:56.065+0530][3.591s][info][gc,marking  ] GC(3) Concurrent Mark
[2026-01-15T23:38:56.065+0530][3.591s][info][gc,marking  ] GC(3) Concurrent Mark From Roots
[2026-01-15T23:38:56.066+0530][3.591s][info][gc,task     ] GC(3) Using 3 workers of 3 for marking
[2026-01-15T23:38:56.069+0530][3.595s][info][gc,marking  ] GC(3) Concurrent Mark From Roots 3.378ms
[2026-01-15T23:38:56.069+0530][3.595s][info][gc,marking  ] GC(3) Concurrent Preclean
[2026-01-15T23:38:56.070+0530][3.595s][info][gc,marking  ] GC(3) Concurrent Preclean 0.198ms
[2026-01-15T23:38:56.070+0530][3.595s][info][gc,start    ] GC(3) Pause Remark
[2026-01-15T23:38:56.073+0530][3.599s][info][gc          ] GC(3) Pause Remark 9M->9M(512M) 3.661ms
[2026-01-15T23:38:56.073+0530][3.599s][info][gc,cpu      ] GC(3) User=0.00s Sys=0.00s Real=0.00s
[2026-01-15T23:38:56.073+0530][3.599s][info][gc,marking  ] GC(3) Concurrent Mark 7.764ms
[2026-01-15T23:38:56.073+0530][3.599s][info][gc,marking  ] GC(3) Concurrent Rebuild Remembered Sets
[2026-01-15T23:38:56.075+0530][3.601s][info][gc,marking  ] GC(3) Concurrent Rebuild Remembered Sets 1.720ms
[2026-01-15T23:38:56.075+0530][3.601s][info][gc,start    ] GC(3) Pause Cleanup
[2026-01-15T23:38:56.075+0530][3.601s][info][gc          ] GC(3) Pause Cleanup 9M->9M(512M) 0.146ms
[2026-01-15T23:38:56.075+0530][3.601s][info][gc,cpu      ] GC(3) User=0.00s Sys=0.00s Real=0.00s
[2026-01-15T23:38:56.075+0530][3.601s][info][gc,marking  ] GC(3) Concurrent Cleanup for Next Mark
[2026-01-15T23:38:56.079+0530][3.604s][info][gc,marking  ] GC(3) Concurrent Cleanup for Next Mark 3.040ms
[2026-01-15T23:38:56.079+0530][3.605s][info][gc          ] GC(3) Concurrent Mark Cycle 15.765ms
[2026-01-15T23:39:37.099+0530][44.625s][info][gc,start    ] GC(4) Pause Young (Concurrent Start) (Metadata GC Threshold)
[2026-01-15T23:39:37.099+0530][44.625s][info][gc,task     ] GC(4) Using 12 workers of 13 for evacuation
[2026-01-15T23:39:37.112+0530][44.637s][info][gc,phases   ] GC(4)   Pre Evacuate Collection Set: 0.1ms
[2026-01-15T23:39:37.112+0530][44.637s][info][gc,phases   ] GC(4)   Merge Heap Roots: 0.1ms
[2026-01-15T23:39:37.112+0530][44.637s][info][gc,phases   ] GC(4)   Evacuate Collection Set: 9.7ms
[2026-01-15T23:39:37.112+0530][44.637s][info][gc,phases   ] GC(4)   Post Evacuate Collection Set: 2.0ms
[2026-01-15T23:39:37.112+0530][44.637s][info][gc,phases   ] GC(4)   Other: 0.4ms
[2026-01-15T23:39:37.112+0530][44.637s][info][gc,heap     ] GC(4) Eden regions: 163->0(291)
[2026-01-15T23:39:37.112+0530][44.637s][info][gc,heap     ] GC(4) Survivor regions: 5->12(39)
[2026-01-15T23:39:37.112+0530][44.637s][info][gc,heap     ] GC(4) Old regions: 4->4
[2026-01-15T23:39:37.112+0530][44.637s][info][gc,heap     ] GC(4) Archive regions: 0->0
[2026-01-15T23:39:37.112+0530][44.637s][info][gc,heap     ] GC(4) Humongous regions: 0->0
[2026-01-15T23:39:37.112+0530][44.637s][info][gc,metaspace] GC(4) Metaspace: 35496K(35968K)->35496K(35968K) NonClass: 31162K(31360K)->31162K(31360K) Class: 4334K(4608K)->4334K(4608K)
[2026-01-15T23:39:37.112+0530][44.637s][info][gc          ] GC(4) Pause Young (Concurrent Start) (Metadata GC Threshold) 171M->14M(512M) 12.733ms
[2026-01-15T23:39:37.112+0530][44.638s][info][gc,cpu      ] GC(4) User=0.00s Sys=0.02s Real=0.01s
[2026-01-15T23:39:37.112+0530][44.638s][info][gc          ] GC(5) Concurrent Mark Cycle
[2026-01-15T23:39:37.112+0530][44.638s][info][gc,marking  ] GC(5) Concurrent Clear Claimed Marks
[2026-01-15T23:39:37.112+0530][44.638s][info][gc,marking  ] GC(5) Concurrent Clear Claimed Marks 0.094ms
[2026-01-15T23:39:37.112+0530][44.638s][info][gc,marking  ] GC(5) Concurrent Scan Root Regions
[2026-01-15T23:39:37.117+0530][44.643s][info][gc,marking  ] GC(5) Concurrent Scan Root Regions 5.054ms
[2026-01-15T23:39:37.117+0530][44.643s][info][gc,marking  ] GC(5) Concurrent Mark
[2026-01-15T23:39:37.117+0530][44.643s][info][gc,marking  ] GC(5) Concurrent Mark From Roots
[2026-01-15T23:39:37.117+0530][44.643s][info][gc,task     ] GC(5) Using 3 workers of 3 for marking
[2026-01-15T23:39:37.122+0530][44.648s][info][gc,marking  ] GC(5) Concurrent Mark From Roots 4.956ms
[2026-01-15T23:39:37.122+0530][44.648s][info][gc,marking  ] GC(5) Concurrent Preclean
[2026-01-15T23:39:37.122+0530][44.648s][info][gc,marking  ] GC(5) Concurrent Preclean 0.308ms
[2026-01-15T23:39:37.122+0530][44.649s][info][gc,start    ] GC(5) Pause Remark
[2026-01-15T23:39:37.130+0530][44.655s][info][gc          ] GC(5) Pause Remark 16M->16M(512M) 6.712ms
[2026-01-15T23:39:37.130+0530][44.656s][info][gc,cpu      ] GC(5) User=0.00s Sys=0.00s Real=0.01s
[2026-01-15T23:39:37.130+0530][44.656s][info][gc,marking  ] GC(5) Concurrent Mark 12.632ms
[2026-01-15T23:39:37.130+0530][44.656s][info][gc,marking  ] GC(5) Concurrent Rebuild Remembered Sets
[2026-01-15T23:39:37.132+0530][44.658s][info][gc,marking  ] GC(5) Concurrent Rebuild Remembered Sets 2.355ms
[2026-01-15T23:39:37.133+0530][44.658s][info][gc,start    ] GC(5) Pause Cleanup
[2026-01-15T23:39:37.133+0530][44.659s][info][gc          ] GC(5) Pause Cleanup 16M->16M(512M) 0.203ms
[2026-01-15T23:39:37.133+0530][44.659s][info][gc,cpu      ] GC(5) User=0.00s Sys=0.00s Real=0.00s
[2026-01-15T23:39:37.133+0530][44.659s][info][gc,marking  ] GC(5) Concurrent Cleanup for Next Mark
[2026-01-15T23:39:37.136+0530][44.662s][info][gc,marking  ] GC(5) Concurrent Cleanup for Next Mark 3.076ms
[2026-01-15T23:39:37.136+0530][44.662s][info][gc          ] GC(5) Concurrent Mark Cycle 24.476ms
[2026-01-15T23:42:07.803+0530][195.329s][info][gc,heap,exit] Heap
[2026-01-15T23:42:07.803+0530][195.329s][info][gc,heap,exit]  garbage-first heap   total 524288K, used 182148K [0x00000000e0000000, 0x0000000100000000)
[2026-01-15T23:42:07.803+0530][195.329s][info][gc,heap,exit]   region size 1024K, 176 young (180224K), 12 survivors (12288K)
[2026-01-15T23:42:07.803+0530][195.329s][info][gc,heap,exit]  Metaspace       used 36452K, committed 36992K, reserved 1114112K
[2026-01-15T23:42:07.803+0530][195.329s][info][gc,heap,exit]   class space    used 4381K, committed 4608K, reserved 1048576K
