[2026-01-16T22:22:16.692+0530][0.013s][info][gc] Using G1
[2026-01-16T22:22:16.696+0530][0.018s][info][gc,init] Version: 17.0.12+8-LTS-286 (release)
[2026-01-16T22:22:16.696+0530][0.018s][info][gc,init] CPUs: 16 total, 16 available
[2026-01-16T22:22:16.696+0530][0.018s][info][gc,init] Memory: 14188M
[2026-01-16T22:22:16.696+0530][0.018s][info][gc,init] Large Page Support: Disabled
[2026-01-16T22:22:16.696+0530][0.018s][info][gc,init] NUMA Support: Disabled
[2026-01-16T22:22:16.696+0530][0.018s][info][gc,init] Compressed Oops: Enabled (32-bit)
[2026-01-16T22:22:16.696+0530][0.018s][info][gc,init] Heap Region Size: 1M
[2026-01-16T22:22:16.696+0530][0.018s][info][gc,init] Heap Min Capacity: 512M
[2026-01-16T22:22:16.696+0530][0.018s][info][gc,init] Heap Initial Capacity: 512M
[2026-01-16T22:22:16.696+0530][0.018s][info][gc,init] Heap Max Capacity: 512M
[2026-01-16T22:22:16.696+0530][0.018s][info][gc,init] Pre-touch: Disabled
[2026-01-16T22:22:16.696+0530][0.018s][info][gc,init] Parallel Workers: 13
[2026-01-16T22:22:16.696+0530][0.018s][info][gc,init] Concurrent Workers: 3
[2026-01-16T22:22:16.696+0530][0.018s][info][gc,init] Concurrent Refinement Workers: 13
[2026-01-16T22:22:16.696+0530][0.018s][info][gc,init] Periodic GC: Disabled
[2026-01-16T22:22:16.705+0530][0.026s][info][gc,metaspace] CDS archive(s) mapped at: [0x000001ba3d000000-0x000001ba3dbd0000-0x000001ba3dbd0000), size 12386304, SharedBaseAddress: 0x000001ba3d000000, ArchiveRelocationMode: 1.
[2026-01-16T22:22:16.705+0530][0.027s][info][gc,metaspace] Compressed class space mapped at: 0x000001ba3e000000-0x000001ba7e000000, reserved size: 1073741824
[2026-01-16T22:22:16.705+0530][0.027s][info][gc,metaspace] Narrow klass base: 0x000001ba3d000000, Narrow klass shift: 0, Narrow klass range: 0x100000000
[2026-01-16T22:22:17.617+0530][0.938s][info][gc,start    ] GC(0) Pause Young (Normal) (G1 Evacuation Pause)
[2026-01-16T22:22:17.619+0530][0.940s][info][gc,task     ] GC(0) Using 12 workers of 13 for evacuation
[2026-01-16T22:22:17.624+0530][0.945s][info][gc,phases   ] GC(0)   Pre Evacuate Collection Set: 0.1ms
[2026-01-16T22:22:17.624+0530][0.945s][info][gc,phases   ] GC(0)   Merge Heap Roots: 0.3ms
[2026-01-16T22:22:17.624+0530][0.945s][info][gc,phases   ] GC(0)   Evacuate Collection Set: 3.8ms
[2026-01-16T22:22:17.624+0530][0.945s][info][gc,phases   ] GC(0)   Post Evacuate Collection Set: 0.7ms
[2026-01-16T22:22:17.624+0530][0.945s][info][gc,phases   ] GC(0)   Other: 2.4ms
[2026-01-16T22:22:17.624+0530][0.945s][info][gc,heap     ] GC(0) Eden regions: 25->0(34)
[2026-01-16T22:22:17.624+0530][0.946s][info][gc,heap     ] GC(0) Survivor regions: 0->4(4)
[2026-01-16T22:22:17.624+0530][0.946s][info][gc,heap     ] GC(0) Old regions: 0->0
[2026-01-16T22:22:17.624+0530][0.946s][info][gc,heap     ] GC(0) Archive regions: 0->0
[2026-01-16T22:22:17.624+0530][0.946s][info][gc,heap     ] GC(0) Humongous regions: 0->0
[2026-01-16T22:22:17.624+0530][0.946s][info][gc,metaspace] GC(0) Metaspace: 4756K(4992K)->4756K(4992K) NonClass: 4266K(4416K)->4266K(4416K) Class: 489K(576K)->489K(576K)
[2026-01-16T22:22:17.624+0530][0.946s][info][gc          ] GC(0) Pause Young (Normal) (G1 Evacuation Pause) 25M->3M(512M) 7.728ms
[2026-01-16T22:22:17.624+0530][0.946s][info][gc,cpu      ] GC(0) User=0.00s Sys=0.00s Real=0.01s
[2026-01-16T22:22:18.722+0530][2.044s][info][gc,start    ] GC(1) Pause Young (Normal) (G1 Evacuation Pause)
[2026-01-16T22:22:18.723+0530][2.044s][info][gc,task     ] GC(1) Using 12 workers of 13 for evacuation
[2026-01-16T22:22:18.727+0530][2.048s][info][gc,phases   ] GC(1)   Pre Evacuate Collection Set: 0.1ms
[2026-01-16T22:22:18.727+0530][2.049s][info][gc,phases   ] GC(1)   Merge Heap Roots: 0.1ms
[2026-01-16T22:22:18.727+0530][2.049s][info][gc,phases   ] GC(1)   Evacuate Collection Set: 3.4ms
[2026-01-16T22:22:18.727+0530][2.049s][info][gc,phases   ] GC(1)   Post Evacuate Collection Set: 0.6ms
[2026-01-16T22:22:18.727+0530][2.049s][info][gc,phases   ] GC(1)   Other: 0.2ms
[2026-01-16T22:22:18.727+0530][2.049s][info][gc,heap     ] GC(1) Eden regions: 34->0(269)
[2026-01-16T22:22:18.727+0530][2.049s][info][gc,heap     ] GC(1) Survivor regions: 4->3(5)
[2026-01-16T22:22:18.727+0530][2.049s][info][gc,heap     ] GC(1) Old regions: 0->4
[2026-01-16T22:22:18.728+0530][2.049s][info][gc,heap     ] GC(1) Archive regions: 0->0
[2026-01-16T22:22:18.728+0530][2.049s][info][gc,heap     ] GC(1) Humongous regions: 0->0
[2026-01-16T22:22:18.728+0530][2.049s][info][gc,metaspace] GC(1) Metaspace: 10140K(10432K)->10140K(10432K) NonClass: 8938K(9088K)->8938K(9088K) Class: 1201K(1344K)->1201K(1344K)
[2026-01-16T22:22:18.728+0530][2.049s][info][gc          ] GC(1) Pause Young (Normal) (G1 Evacuation Pause) 37M->5M(512M) 4.612ms
[2026-01-16T22:22:18.728+0530][2.049s][info][gc,cpu      ] GC(1) User=0.00s Sys=0.00s Real=0.01s
[2026-01-16T22:22:20.125+0530][3.447s][info][gc,start    ] GC(2) Pause Young (Concurrent Start) (Metadata GC Threshold)
[2026-01-16T22:22:20.125+0530][3.447s][info][gc,task     ] GC(2) Using 12 workers of 13 for evacuation
[2026-01-16T22:22:20.133+0530][3.454s][info][gc,phases   ] GC(2)   Pre Evacuate Collection Set: 0.2ms
[2026-01-16T22:22:20.133+0530][3.454s][info][gc,phases   ] GC(2)   Merge Heap Roots: 0.1ms
[2026-01-16T22:22:20.133+0530][3.454s][info][gc,phases   ] GC(2)   Evacuate Collection Set: 5.5ms
[2026-01-16T22:22:20.133+0530][3.454s][info][gc,phases   ] GC(2)   Post Evacuate Collection Set: 1.2ms
[2026-01-16T22:22:20.133+0530][3.454s][info][gc,phases   ] GC(2)   Other: 0.4ms
[2026-01-16T22:22:20.133+0530][3.454s][info][gc,heap     ] GC(2) Eden regions: 79->0(227)
[2026-01-16T22:22:20.133+0530][3.454s][info][gc,heap     ] GC(2) Survivor regions: 3->7(34)
[2026-01-16T22:22:20.133+0530][3.454s][info][gc,heap     ] GC(2) Old regions: 4->4
[2026-01-16T22:22:20.133+0530][3.454s][info][gc,heap     ] GC(2) Archive regions: 0->0
[2026-01-16T22:22:20.133+0530][3.454s][info][gc,heap     ] GC(2) Humongous regions: 0->0
[2026-01-16T22:22:20.133+0530][3.455s][info][gc,metaspace] GC(2) Metaspace: 21189K(21504K)->21189K(21504K) NonClass: 18580K(18752K)->18580K(18752K) Class: 2609K(2752K)->2609K(2752K)
[2026-01-16T22:22:20.133+0530][3.455s][info][gc          ] GC(2) Pause Young (Concurrent Start) (Metadata GC Threshold) 83M->9M(512M) 7.640ms
[2026-01-16T22:22:20.133+0530][3.455s][info][gc,cpu      ] GC(2) User=0.17s Sys=0.06s Real=0.01s
[2026-01-16T22:22:20.133+0530][3.455s][info][gc          ] GC(3) Concurrent Mark Cycle
[2026-01-16T22:22:20.133+0530][3.455s][info][gc,marking  ] GC(3) Concurrent Clear Claimed Marks
[2026-01-16T22:22:20.133+0530][3.455s][info][gc,marking  ] GC(3) Concurrent Clear Claimed Marks 0.075ms
[2026-01-16T22:22:20.133+0530][3.455s][info][gc,marking  ] GC(3) Concurrent Scan Root Regions
[2026-01-16T22:22:20.137+0530][3.459s][info][gc,marking  ] GC(3) Concurrent Scan Root Regions 3.798ms
[2026-01-16T22:22:20.137+0530][3.459s][info][gc,marking  ] GC(3) Concurrent Mark
[2026-01-16T22:22:20.137+0530][3.459s][info][gc,marking  ] GC(3) Concurrent Mark From Roots
[2026-01-16T22:22:20.137+0530][3.459s][info][gc,task     ] GC(3) Using 3 workers of 3 for marking
[2026-01-16T22:22:20.141+0530][3.463s][info][gc,marking  ] GC(3) Concurrent Mark From Roots 3.910ms
[2026-01-16T22:22:20.141+0530][3.463s][info][gc,marking  ] GC(3) Concurrent Preclean
[2026-01-16T22:22:20.142+0530][3.463s][info][gc,marking  ] GC(3) Concurrent Preclean 0.270ms
[2026-01-16T22:22:20.142+0530][3.464s][info][gc,start    ] GC(3) Pause Remark
[2026-01-16T22:22:20.146+0530][3.467s][info][gc          ] GC(3) Pause Remark 10M->10M(512M) 3.605ms
[2026-01-16T22:22:20.146+0530][3.467s][info][gc,cpu      ] GC(3) User=0.12s Sys=0.05s Real=0.00s
[2026-01-16T22:22:20.146+0530][3.467s][info][gc,marking  ] GC(3) Concurrent Mark 8.567ms
[2026-01-16T22:22:20.146+0530][3.467s][info][gc,marking  ] GC(3) Concurrent Rebuild Remembered Sets
[2026-01-16T22:22:20.148+0530][3.469s][info][gc,marking  ] GC(3) Concurrent Rebuild Remembered Sets 1.832ms
[2026-01-16T22:22:20.149+0530][3.470s][info][gc,start    ] GC(3) Pause Cleanup
[2026-01-16T22:22:20.149+0530][3.470s][info][gc          ] GC(3) Pause Cleanup 10M->10M(512M) 0.267ms
[2026-01-16T22:22:20.149+0530][3.470s][info][gc,cpu      ] GC(3) User=0.00s Sys=0.00s Real=0.00s
[2026-01-16T22:22:20.149+0530][3.470s][info][gc,marking  ] GC(3) Concurrent Cleanup for Next Mark
[2026-01-16T22:22:20.150+0530][3.472s][info][gc,marking  ] GC(3) Concurrent Cleanup for Next Mark 1.284ms
[2026-01-16T22:22:20.151+0530][3.472s][info][gc          ] GC(3) Concurrent Mark Cycle 17.096ms
[2026-01-16T22:23:35.063+0530][78.385s][info][gc,heap,exit] Heap
[2026-01-16T22:23:35.063+0530][78.385s][info][gc,heap,exit]  garbage-first heap   total 524288K, used 83513K [0x00000000e0000000, 0x0000000100000000)
[2026-01-16T22:23:35.063+0530][78.385s][info][gc,heap,exit]   region size 1024K, 80 young (81920K), 7 survivors (7168K)
[2026-01-16T22:23:35.063+0530][78.385s][info][gc,heap,exit]  Metaspace       used 32493K, committed 32960K, reserved 1114112K
[2026-01-16T22:23:35.063+0530][78.385s][info][gc,heap,exit]   class space    used 4086K, committed 4288K, reserved 1048576K
