[2026-01-16T22:23:39.547+0530][0.012s][info][gc] Using G1
[2026-01-16T22:23:39.551+0530][0.016s][info][gc,init] Version: 17.0.12+8-LTS-286 (release)
[2026-01-16T22:23:39.552+0530][0.016s][info][gc,init] CPUs: 16 total, 16 available
[2026-01-16T22:23:39.552+0530][0.016s][info][gc,init] Memory: 14188M
[2026-01-16T22:23:39.552+0530][0.016s][info][gc,init] Large Page Support: Disabled
[2026-01-16T22:23:39.552+0530][0.016s][info][gc,init] NUMA Support: Disabled
[2026-01-16T22:23:39.552+0530][0.016s][info][gc,init] Compressed Oops: Enabled (32-bit)
[2026-01-16T22:23:39.552+0530][0.016s][info][gc,init] Heap Region Size: 1M
[2026-01-16T22:23:39.552+0530][0.016s][info][gc,init] Heap Min Capacity: 512M
[2026-01-16T22:23:39.552+0530][0.017s][info][gc,init] Heap Initial Capacity: 512M
[2026-01-16T22:23:39.552+0530][0.017s][info][gc,init] Heap Max Capacity: 512M
[2026-01-16T22:23:39.552+0530][0.017s][info][gc,init] Pre-touch: Disabled
[2026-01-16T22:23:39.552+0530][0.017s][info][gc,init] Parallel Workers: 13
[2026-01-16T22:23:39.552+0530][0.017s][info][gc,init] Concurrent Workers: 3
[2026-01-16T22:23:39.552+0530][0.017s][info][gc,init] Concurrent Refinement Workers: 13
[2026-01-16T22:23:39.552+0530][0.017s][info][gc,init] Periodic GC: Disabled
[2026-01-16T22:23:39.559+0530][0.024s][info][gc,metaspace] CDS archive(s) mapped at: [0x000001ec90000000-0x000001ec90bd0000-0x000001ec90bd0000), size 12386304, SharedBaseAddress: 0x000001ec90000000, ArchiveRelocationMode: 1.
[2026-01-16T22:23:39.559+0530][0.024s][info][gc,metaspace] Compressed class space mapped at: 0x000001ec91000000-0x000001ecd1000000, reserved size: 1073741824
[2026-01-16T22:23:39.559+0530][0.024s][info][gc,metaspace] Narrow klass base: 0x000001ec90000000, Narrow klass shift: 0, Narrow klass range: 0x100000000
[2026-01-16T22:23:40.544+0530][1.008s][info][gc,start    ] GC(0) Pause Young (Normal) (G1 Evacuation Pause)
[2026-01-16T22:23:40.544+0530][1.009s][info][gc,task     ] GC(0) Using 12 workers of 13 for evacuation
[2026-01-16T22:23:40.548+0530][1.013s][info][gc,phases   ] GC(0)   Pre Evacuate Collection Set: 0.1ms
[2026-01-16T22:23:40.548+0530][1.013s][info][gc,phases   ] GC(0)   Merge Heap Roots: 0.2ms
[2026-01-16T22:23:40.548+0530][1.013s][info][gc,phases   ] GC(0)   Evacuate Collection Set: 2.6ms
[2026-01-16T22:23:40.548+0530][1.013s][info][gc,phases   ] GC(0)   Post Evacuate Collection Set: 0.5ms
[2026-01-16T22:23:40.548+0530][1.013s][info][gc,phases   ] GC(0)   Other: 1.1ms
[2026-01-16T22:23:40.548+0530][1.013s][info][gc,heap     ] GC(0) Eden regions: 25->0(34)
[2026-01-16T22:23:40.548+0530][1.013s][info][gc,heap     ] GC(0) Survivor regions: 0->4(4)
[2026-01-16T22:23:40.548+0530][1.013s][info][gc,heap     ] GC(0) Old regions: 0->0
[2026-01-16T22:23:40.548+0530][1.013s][info][gc,heap     ] GC(0) Archive regions: 0->0
[2026-01-16T22:23:40.548+0530][1.013s][info][gc,heap     ] GC(0) Humongous regions: 0->0
[2026-01-16T22:23:40.548+0530][1.013s][info][gc,metaspace] GC(0) Metaspace: 4748K(4992K)->4748K(4992K) NonClass: 4257K(4416K)->4257K(4416K) Class: 491K(576K)->491K(576K)
[2026-01-16T22:23:40.548+0530][1.013s][info][gc          ] GC(0) Pause Young (Normal) (G1 Evacuation Pause) 25M->3M(512M) 4.845ms
[2026-01-16T22:23:40.548+0530][1.013s][info][gc,cpu      ] GC(0) User=0.00s Sys=0.00s Real=0.00s
[2026-01-16T22:23:41.656+0530][2.121s][info][gc,start    ] GC(1) Pause Young (Normal) (G1 Evacuation Pause)
[2026-01-16T22:23:41.657+0530][2.121s][info][gc,task     ] GC(1) Using 12 workers of 13 for evacuation
[2026-01-16T22:23:41.662+0530][2.127s][info][gc,phases   ] GC(1)   Pre Evacuate Collection Set: 0.1ms
[2026-01-16T22:23:41.662+0530][2.127s][info][gc,phases   ] GC(1)   Merge Heap Roots: 0.1ms
[2026-01-16T22:23:41.662+0530][2.127s][info][gc,phases   ] GC(1)   Evacuate Collection Set: 4.4ms
[2026-01-16T22:23:41.662+0530][2.127s][info][gc,phases   ] GC(1)   Post Evacuate Collection Set: 0.7ms
[2026-01-16T22:23:41.662+0530][2.127s][info][gc,phases   ] GC(1)   Other: 0.2ms
[2026-01-16T22:23:41.662+0530][2.127s][info][gc,heap     ] GC(1) Eden regions: 34->0(204)
[2026-01-16T22:23:41.662+0530][2.127s][info][gc,heap     ] GC(1) Survivor regions: 4->2(5)
[2026-01-16T22:23:41.662+0530][2.127s][info][gc,heap     ] GC(1) Old regions: 0->4
[2026-01-16T22:23:41.662+0530][2.127s][info][gc,heap     ] GC(1) Archive regions: 0->0
[2026-01-16T22:23:41.662+0530][2.127s][info][gc,heap     ] GC(1) Humongous regions: 0->0
[2026-01-16T22:23:41.662+0530][2.127s][info][gc,metaspace] GC(1) Metaspace: 10070K(10368K)->10070K(10368K) NonClass: 8888K(9024K)->8888K(9024K) Class: 1182K(1344K)->1182K(1344K)
[2026-01-16T22:23:41.662+0530][2.127s][info][gc          ] GC(1) Pause Young (Normal) (G1 Evacuation Pause) 37M->5M(512M) 5.804ms
[2026-01-16T22:23:41.662+0530][2.127s][info][gc,cpu      ] GC(1) User=0.08s Sys=0.06s Real=0.01s
[2026-01-16T22:23:42.507+0530][2.973s][info][gc,start    ] GC(2) Pause Young (Concurrent Start) (Metadata GC Threshold)
[2026-01-16T22:23:42.507+0530][2.973s][info][gc,task     ] GC(2) Using 12 workers of 13 for evacuation
[2026-01-16T22:23:42.512+0530][2.976s][info][gc,phases   ] GC(2)   Pre Evacuate Collection Set: 0.1ms
[2026-01-16T22:23:42.512+0530][2.977s][info][gc,phases   ] GC(2)   Merge Heap Roots: 0.1ms
[2026-01-16T22:23:42.512+0530][2.977s][info][gc,phases   ] GC(2)   Evacuate Collection Set: 2.7ms
[2026-01-16T22:23:42.512+0530][2.977s][info][gc,phases   ] GC(2)   Post Evacuate Collection Set: 0.6ms
[2026-01-16T22:23:42.512+0530][2.977s][info][gc,phases   ] GC(2)   Other: 0.3ms
[2026-01-16T22:23:42.512+0530][2.977s][info][gc,heap     ] GC(2) Eden regions: 54->0(101)
[2026-01-16T22:23:42.512+0530][2.977s][info][gc,heap     ] GC(2) Survivor regions: 2->6(26)
[2026-01-16T22:23:42.512+0530][2.977s][info][gc,heap     ] GC(2) Old regions: 4->4
[2026-01-16T22:23:42.512+0530][2.977s][info][gc,heap     ] GC(2) Archive regions: 0->0
[2026-01-16T22:23:42.512+0530][2.977s][info][gc,heap     ] GC(2) Humongous regions: 0->0
[2026-01-16T22:23:42.512+0530][2.977s][info][gc,metaspace] GC(2) Metaspace: 21101K(21504K)->21101K(21504K) NonClass: 18511K(18688K)->18511K(18688K) Class: 2590K(2816K)->2590K(2816K)
[2026-01-16T22:23:42.512+0530][2.977s][info][gc          ] GC(2) Pause Young (Concurrent Start) (Metadata GC Threshold) 58M->8M(512M) 3.990ms
[2026-01-16T22:23:42.512+0530][2.977s][info][gc,cpu      ] GC(2) User=0.00s Sys=0.00s Real=0.01s
[2026-01-16T22:23:42.512+0530][2.977s][info][gc          ] GC(3) Concurrent Mark Cycle
[2026-01-16T22:23:42.512+0530][2.977s][info][gc,marking  ] GC(3) Concurrent Clear Claimed Marks
[2026-01-16T22:23:42.512+0530][2.977s][info][gc,marking  ] GC(3) Concurrent Clear Claimed Marks 0.032ms
[2026-01-16T22:23:42.512+0530][2.977s][info][gc,marking  ] GC(3) Concurrent Scan Root Regions
[2026-01-16T22:23:42.514+0530][2.979s][info][gc,marking  ] GC(3) Concurrent Scan Root Regions 1.845ms
[2026-01-16T22:23:42.514+0530][2.979s][info][gc,marking  ] GC(3) Concurrent Mark
[2026-01-16T22:23:42.514+0530][2.979s][info][gc,marking  ] GC(3) Concurrent Mark From Roots
[2026-01-16T22:23:42.514+0530][2.979s][info][gc,task     ] GC(3) Using 3 workers of 3 for marking
[2026-01-16T22:23:42.516+0530][2.981s][info][gc,marking  ] GC(3) Concurrent Mark From Roots 2.254ms
[2026-01-16T22:23:42.516+0530][2.981s][info][gc,marking  ] GC(3) Concurrent Preclean
[2026-01-16T22:23:42.516+0530][2.981s][info][gc,marking  ] GC(3) Concurrent Preclean 0.186ms
[2026-01-16T22:23:42.517+0530][2.981s][info][gc,start    ] GC(3) Pause Remark
[2026-01-16T22:23:42.519+0530][2.984s][info][gc          ] GC(3) Pause Remark 9M->9M(512M) 2.378ms
[2026-01-16T22:23:42.519+0530][2.984s][info][gc,cpu      ] GC(3) User=0.00s Sys=0.00s Real=0.00s
[2026-01-16T22:23:42.519+0530][2.984s][info][gc,marking  ] GC(3) Concurrent Mark 5.153ms
[2026-01-16T22:23:42.520+0530][2.984s][info][gc,marking  ] GC(3) Concurrent Rebuild Remembered Sets
[2026-01-16T22:23:42.520+0530][2.985s][info][gc,marking  ] GC(3) Concurrent Rebuild Remembered Sets 0.984ms
[2026-01-16T22:23:42.521+0530][2.985s][info][gc,start    ] GC(3) Pause Cleanup
[2026-01-16T22:23:42.521+0530][2.985s][info][gc          ] GC(3) Pause Cleanup 9M->9M(512M) 0.103ms
[2026-01-16T22:23:42.521+0530][2.985s][info][gc,cpu      ] GC(3) User=0.00s Sys=0.00s Real=0.00s
[2026-01-16T22:23:42.521+0530][2.985s][info][gc,marking  ] GC(3) Concurrent Cleanup for Next Mark
[2026-01-16T22:23:42.522+0530][2.986s][info][gc,marking  ] GC(3) Concurrent Cleanup for Next Mark 0.945ms
[2026-01-16T22:23:42.522+0530][2.986s][info][gc          ] GC(3) Concurrent Mark Cycle 9.573ms
[2026-01-16T22:24:59.966+0530][80.431s][info][gc,start    ] GC(4) Pause Young (Normal) (G1 Evacuation Pause)
[2026-01-16T22:24:59.966+0530][80.431s][info][gc,task     ] GC(4) Using 12 workers of 13 for evacuation
[2026-01-16T22:24:59.975+0530][80.440s][info][gc,phases   ] GC(4)   Pre Evacuate Collection Set: 0.1ms
[2026-01-16T22:24:59.975+0530][80.440s][info][gc,phases   ] GC(4)   Merge Heap Roots: 0.1ms
[2026-01-16T22:24:59.975+0530][80.440s][info][gc,phases   ] GC(4)   Evacuate Collection Set: 7.3ms
[2026-01-16T22:24:59.975+0530][80.440s][info][gc,phases   ] GC(4)   Post Evacuate Collection Set: 1.1ms
[2026-01-16T22:24:59.975+0530][80.440s][info][gc,phases   ] GC(4)   Other: 0.3ms
[2026-01-16T22:24:59.975+0530][80.440s][info][gc,heap     ] GC(4) Eden regions: 108->0(295)
[2026-01-16T22:24:59.975+0530][80.440s][info][gc,heap     ] GC(4) Survivor regions: 6->12(15)
[2026-01-16T22:24:59.975+0530][80.440s][info][gc,heap     ] GC(4) Old regions: 4->4
[2026-01-16T22:24:59.975+0530][80.440s][info][gc,heap     ] GC(4) Archive regions: 0->0
[2026-01-16T22:24:59.975+0530][80.440s][info][gc,heap     ] GC(4) Humongous regions: 0->0
[2026-01-16T22:24:59.975+0530][80.440s][info][gc,metaspace] GC(4) Metaspace: 34580K(35008K)->34580K(35008K) NonClass: 30253K(30464K)->30253K(30464K) Class: 4326K(4544K)->4326K(4544K)
[2026-01-16T22:24:59.975+0530][80.440s][info][gc          ] GC(4) Pause Young (Normal) (G1 Evacuation Pause) 116M->14M(512M) 9.066ms
[2026-01-16T22:24:59.975+0530][80.440s][info][gc,cpu      ] GC(4) User=0.14s Sys=0.05s Real=0.01s
[2026-01-16T22:25:02.790+0530][83.254s][info][gc,start    ] GC(5) Pause Young (Concurrent Start) (Metadata GC Threshold)
[2026-01-16T22:25:02.790+0530][83.254s][info][gc,task     ] GC(5) Using 12 workers of 13 for evacuation
[2026-01-16T22:25:02.794+0530][83.259s][info][gc,phases   ] GC(5)   Pre Evacuate Collection Set: 0.1ms
[2026-01-16T22:25:02.794+0530][83.259s][info][gc,phases   ] GC(5)   Merge Heap Roots: 0.1ms
[2026-01-16T22:25:02.794+0530][83.259s][info][gc,phases   ] GC(5)   Evacuate Collection Set: 3.5ms
[2026-01-16T22:25:02.794+0530][83.259s][info][gc,phases   ] GC(5)   Post Evacuate Collection Set: 0.6ms
[2026-01-16T22:25:02.794+0530][83.259s][info][gc,phases   ] GC(5)   Other: 0.2ms
[2026-01-16T22:25:02.794+0530][83.259s][info][gc,heap     ] GC(5) Eden regions: 69->0(294)
[2026-01-16T22:25:02.794+0530][83.259s][info][gc,heap     ] GC(5) Survivor regions: 12->13(39)
[2026-01-16T22:25:02.794+0530][83.259s][info][gc,heap     ] GC(5) Old regions: 4->4
[2026-01-16T22:25:02.794+0530][83.259s][info][gc,heap     ] GC(5) Archive regions: 0->0
[2026-01-16T22:25:02.794+0530][83.259s][info][gc,heap     ] GC(5) Humongous regions: 0->0
[2026-01-16T22:25:02.794+0530][83.259s][info][gc,metaspace] GC(5) Metaspace: 35642K(36096K)->35642K(36096K) NonClass: 31314K(31552K)->31314K(31552K) Class: 4327K(4544K)->4327K(4544K)
[2026-01-16T22:25:02.794+0530][83.259s][info][gc          ] GC(5) Pause Young (Concurrent Start) (Metadata GC Threshold) 82M->15M(512M) 4.658ms
[2026-01-16T22:25:02.794+0530][83.259s][info][gc,cpu      ] GC(5) User=0.00s Sys=0.00s Real=0.00s
[2026-01-16T22:25:02.794+0530][83.259s][info][gc          ] GC(6) Concurrent Mark Cycle
[2026-01-16T22:25:02.794+0530][83.259s][info][gc,marking  ] GC(6) Concurrent Clear Claimed Marks
[2026-01-16T22:25:02.794+0530][83.259s][info][gc,marking  ] GC(6) Concurrent Clear Claimed Marks 0.055ms
[2026-01-16T22:25:02.794+0530][83.259s][info][gc,marking  ] GC(6) Concurrent Scan Root Regions
[2026-01-16T22:25:02.797+0530][83.262s][info][gc,marking  ] GC(6) Concurrent Scan Root Regions 2.791ms
[2026-01-16T22:25:02.797+0530][83.262s][info][gc,marking  ] GC(6) Concurrent Mark
[2026-01-16T22:25:02.797+0530][83.262s][info][gc,marking  ] GC(6) Concurrent Mark From Roots
[2026-01-16T22:25:02.797+0530][83.262s][info][gc,task     ] GC(6) Using 3 workers of 3 for marking
[2026-01-16T22:25:02.798+0530][83.264s][info][gc,marking  ] GC(6) Concurrent Mark From Roots 1.812ms
[2026-01-16T22:25:02.799+0530][83.264s][info][gc,marking  ] GC(6) Concurrent Preclean
[2026-01-16T22:25:02.799+0530][83.264s][info][gc,marking  ] GC(6) Concurrent Preclean 0.165ms
[2026-01-16T22:25:02.799+0530][83.264s][info][gc,start    ] GC(6) Pause Remark
[2026-01-16T22:25:02.803+0530][83.267s][info][gc          ] GC(6) Pause Remark 17M->17M(512M) 2.923ms
[2026-01-16T22:25:02.803+0530][83.267s][info][gc,cpu      ] GC(6) User=0.00s Sys=0.02s Real=0.00s
[2026-01-16T22:25:02.803+0530][83.267s][info][gc,marking  ] GC(6) Concurrent Mark 5.221ms
[2026-01-16T22:25:02.803+0530][83.267s][info][gc,marking  ] GC(6) Concurrent Rebuild Remembered Sets
[2026-01-16T22:25:02.803+0530][83.268s][info][gc,marking  ] GC(6) Concurrent Rebuild Remembered Sets 0.797ms
[2026-01-16T22:25:02.803+0530][83.268s][info][gc,start    ] GC(6) Pause Cleanup
[2026-01-16T22:25:02.803+0530][83.268s][info][gc          ] GC(6) Pause Cleanup 17M->17M(512M) 0.083ms
[2026-01-16T22:25:02.803+0530][83.268s][info][gc,cpu      ] GC(6) User=0.00s Sys=0.00s Real=0.00s
[2026-01-16T22:25:02.804+0530][83.268s][info][gc,marking  ] GC(6) Concurrent Cleanup for Next Mark
[2026-01-16T22:25:02.804+0530][83.269s][info][gc,marking  ] GC(6) Concurrent Cleanup for Next Mark 1.206ms
[2026-01-16T22:25:02.804+0530][83.269s][info][gc          ] GC(6) Concurrent Mark Cycle 10.513ms
[2026-01-16T22:39:16.189+0530][936.655s][info][gc,heap,exit] Heap
[2026-01-16T22:39:16.189+0530][936.655s][info][gc,heap,exit]  garbage-first heap   total 524288K, used 170364K [0x00000000e0000000, 0x0000000100000000)
[2026-01-16T22:39:16.191+0530][936.655s][info][gc,heap,exit]   region size 1024K, 164 young (167936K), 13 survivors (13312K)
[2026-01-16T22:39:16.191+0530][936.655s][info][gc,heap,exit]  Metaspace       used 36476K, committed 36928K, reserved 1114112K
[2026-01-16T22:39:16.191+0530][936.655s][info][gc,heap,exit]   class space    used 4373K, committed 4608K, reserved 1048576K
