[2026-01-15T20:16:05.746+0530][0.015s][info][gc] Using G1
[2026-01-15T20:16:05.751+0530][0.021s][info][gc,init] Version: 17.0.12+8-LTS-286 (release)
[2026-01-15T20:16:05.751+0530][0.021s][info][gc,init] CPUs: 16 total, 16 available
[2026-01-15T20:16:05.752+0530][0.021s][info][gc,init] Memory: 14188M
[2026-01-15T20:16:05.752+0530][0.021s][info][gc,init] Large Page Support: Disabled
[2026-01-15T20:16:05.752+0530][0.021s][info][gc,init] NUMA Support: Disabled
[2026-01-15T20:16:05.752+0530][0.021s][info][gc,init] Compressed Oops: Enabled (32-bit)
[2026-01-15T20:16:05.752+0530][0.021s][info][gc,init] Heap Region Size: 1M
[2026-01-15T20:16:05.752+0530][0.021s][info][gc,init] Heap Min Capacity: 512M
[2026-01-15T20:16:05.752+0530][0.022s][info][gc,init] Heap Initial Capacity: 512M
[2026-01-15T20:16:05.752+0530][0.022s][info][gc,init] Heap Max Capacity: 512M
[2026-01-15T20:16:05.752+0530][0.022s][info][gc,init] Pre-touch: Disabled
[2026-01-15T20:16:05.752+0530][0.022s][info][gc,init] Parallel Workers: 13
[2026-01-15T20:16:05.752+0530][0.022s][info][gc,init] Concurrent Workers: 3
[2026-01-15T20:16:05.752+0530][0.022s][info][gc,init] Concurrent Refinement Workers: 13
[2026-01-15T20:16:05.752+0530][0.022s][info][gc,init] Periodic GC: Disabled
[2026-01-15T20:16:05.760+0530][0.030s][info][gc,metaspace] CDS archive(s) mapped at: [0x000001c0c7000000-0x000001c0c7bd0000-0x000001c0c7bd0000), size 12386304, SharedBaseAddress: 0x000001c0c7000000, ArchiveRelocationMode: 1.
[2026-01-15T20:16:05.760+0530][0.030s][info][gc,metaspace] Compressed class space mapped at: 0x000001c0c8000000-0x000001c108000000, reserved size: 1073741824
[2026-01-15T20:16:05.760+0530][0.030s][info][gc,metaspace] Narrow klass base: 0x000001c0c7000000, Narrow klass shift: 0, Narrow klass range: 0x100000000
[2026-01-15T20:16:06.785+0530][1.053s][info][gc,start    ] GC(0) Pause Young (Normal) (G1 Evacuation Pause)
[2026-01-15T20:16:06.786+0530][1.055s][info][gc,task     ] GC(0) Using 12 workers of 13 for evacuation
[2026-01-15T20:16:06.791+0530][1.060s][info][gc,phases   ] GC(0)   Pre Evacuate Collection Set: 0.1ms
[2026-01-15T20:16:06.791+0530][1.060s][info][gc,phases   ] GC(0)   Merge Heap Roots: 0.5ms
[2026-01-15T20:16:06.791+0530][1.060s][info][gc,phases   ] GC(0)   Evacuate Collection Set: 3.6ms
[2026-01-15T20:16:06.791+0530][1.060s][info][gc,phases   ] GC(0)   Post Evacuate Collection Set: 0.6ms
[2026-01-15T20:16:06.791+0530][1.060s][info][gc,phases   ] GC(0)   Other: 2.0ms
[2026-01-15T20:16:06.791+0530][1.060s][info][gc,heap     ] GC(0) Eden regions: 25->0(34)
[2026-01-15T20:16:06.791+0530][1.060s][info][gc,heap     ] GC(0) Survivor regions: 0->4(4)
[2026-01-15T20:16:06.791+0530][1.061s][info][gc,heap     ] GC(0) Old regions: 0->0
[2026-01-15T20:16:06.791+0530][1.061s][info][gc,heap     ] GC(0) Archive regions: 0->0
[2026-01-15T20:16:06.791+0530][1.061s][info][gc,heap     ] GC(0) Humongous regions: 0->0
[2026-01-15T20:16:06.791+0530][1.061s][info][gc,metaspace] GC(0) Metaspace: 4766K(4992K)->4766K(4992K) NonClass: 4274K(4416K)->4274K(4416K) Class: 492K(576K)->492K(576K)
[2026-01-15T20:16:06.791+0530][1.061s][info][gc          ] GC(0) Pause Young (Normal) (G1 Evacuation Pause) 25M->3M(512M) 7.221ms
[2026-01-15T20:16:06.791+0530][1.061s][info][gc,cpu      ] GC(0) User=0.00s Sys=0.00s Real=0.01s
[2026-01-15T20:16:07.875+0530][2.144s][info][gc,start    ] GC(1) Pause Young (Normal) (G1 Evacuation Pause)
[2026-01-15T20:16:07.875+0530][2.144s][info][gc,task     ] GC(1) Using 12 workers of 13 for evacuation
[2026-01-15T20:16:07.880+0530][2.149s][info][gc,phases   ] GC(1)   Pre Evacuate Collection Set: 0.1ms
[2026-01-15T20:16:07.880+0530][2.149s][info][gc,phases   ] GC(1)   Merge Heap Roots: 0.1ms
[2026-01-15T20:16:07.880+0530][2.149s][info][gc,phases   ] GC(1)   Evacuate Collection Set: 3.8ms
[2026-01-15T20:16:07.880+0530][2.149s][info][gc,phases   ] GC(1)   Post Evacuate Collection Set: 0.7ms
[2026-01-15T20:16:07.880+0530][2.149s][info][gc,phases   ] GC(1)   Other: 0.2ms
[2026-01-15T20:16:07.880+0530][2.149s][info][gc,heap     ] GC(1) Eden regions: 34->0(236)
[2026-01-15T20:16:07.880+0530][2.149s][info][gc,heap     ] GC(1) Survivor regions: 4->3(5)
[2026-01-15T20:16:07.880+0530][2.150s][info][gc,heap     ] GC(1) Old regions: 0->4
[2026-01-15T20:16:07.880+0530][2.150s][info][gc,heap     ] GC(1) Archive regions: 0->0
[2026-01-15T20:16:07.880+0530][2.150s][info][gc,heap     ] GC(1) Humongous regions: 0->0
[2026-01-15T20:16:07.880+0530][2.150s][info][gc,metaspace] GC(1) Metaspace: 10126K(10432K)->10126K(10432K) NonClass: 8924K(9088K)->8924K(9088K) Class: 1201K(1344K)->1201K(1344K)
[2026-01-15T20:16:07.880+0530][2.150s][info][gc          ] GC(1) Pause Young (Normal) (G1 Evacuation Pause) 37M->5M(512M) 5.301ms
[2026-01-15T20:16:07.880+0530][2.150s][info][gc,cpu      ] GC(1) User=0.11s Sys=0.05s Real=0.01s
[2026-01-15T20:16:09.218+0530][3.487s][info][gc,start    ] GC(2) Pause Young (Concurrent Start) (Metadata GC Threshold)
[2026-01-15T20:16:09.218+0530][3.487s][info][gc,task     ] GC(2) Using 12 workers of 13 for evacuation
[2026-01-15T20:16:09.225+0530][3.494s][info][gc,phases   ] GC(2)   Pre Evacuate Collection Set: 0.2ms
[2026-01-15T20:16:09.225+0530][3.494s][info][gc,phases   ] GC(2)   Merge Heap Roots: 0.1ms
[2026-01-15T20:16:09.225+0530][3.494s][info][gc,phases   ] GC(2)   Evacuate Collection Set: 5.2ms
[2026-01-15T20:16:09.225+0530][3.494s][info][gc,phases   ] GC(2)   Post Evacuate Collection Set: 1.0ms
[2026-01-15T20:16:09.225+0530][3.494s][info][gc,phases   ] GC(2)   Other: 0.3ms
[2026-01-15T20:16:09.225+0530][3.494s][info][gc,heap     ] GC(2) Eden regions: 79->0(162)
[2026-01-15T20:16:09.225+0530][3.494s][info][gc,heap     ] GC(2) Survivor regions: 3->7(30)
[2026-01-15T20:16:09.225+0530][3.494s][info][gc,heap     ] GC(2) Old regions: 4->4
[2026-01-15T20:16:09.225+0530][3.494s][info][gc,heap     ] GC(2) Archive regions: 0->0
[2026-01-15T20:16:09.225+0530][3.494s][info][gc,heap     ] GC(2) Humongous regions: 0->0
[2026-01-15T20:16:09.225+0530][3.494s][info][gc,metaspace] GC(2) Metaspace: 21185K(21504K)->21185K(21504K) NonClass: 18577K(18752K)->18577K(18752K) Class: 2608K(2752K)->2608K(2752K)
[2026-01-15T20:16:09.225+0530][3.494s][info][gc          ] GC(2) Pause Young (Concurrent Start) (Metadata GC Threshold) 83M->9M(512M) 7.032ms
[2026-01-15T20:16:09.225+0530][3.494s][info][gc,cpu      ] GC(2) User=0.14s Sys=0.00s Real=0.01s
[2026-01-15T20:16:09.225+0530][3.494s][info][gc          ] GC(3) Concurrent Mark Cycle
[2026-01-15T20:16:09.225+0530][3.495s][info][gc,marking  ] GC(3) Concurrent Clear Claimed Marks
[2026-01-15T20:16:09.225+0530][3.495s][info][gc,marking  ] GC(3) Concurrent Clear Claimed Marks 0.062ms
[2026-01-15T20:16:09.225+0530][3.495s][info][gc,marking  ] GC(3) Concurrent Scan Root Regions
[2026-01-15T20:16:09.228+0530][3.498s][info][gc,marking  ] GC(3) Concurrent Scan Root Regions 2.905ms
[2026-01-15T20:16:09.228+0530][3.498s][info][gc,marking  ] GC(3) Concurrent Mark
[2026-01-15T20:16:09.228+0530][3.498s][info][gc,marking  ] GC(3) Concurrent Mark From Roots
[2026-01-15T20:16:09.228+0530][3.498s][info][gc,task     ] GC(3) Using 3 workers of 3 for marking
[2026-01-15T20:16:09.232+0530][3.501s][info][gc,marking  ] GC(3) Concurrent Mark From Roots 3.255ms
[2026-01-15T20:16:09.232+0530][3.501s][info][gc,marking  ] GC(3) Concurrent Preclean
[2026-01-15T20:16:09.232+0530][3.501s][info][gc,marking  ] GC(3) Concurrent Preclean 0.202ms
[2026-01-15T20:16:09.233+0530][3.501s][info][gc,start    ] GC(3) Pause Remark
[2026-01-15T20:16:09.235+0530][3.504s][info][gc          ] GC(3) Pause Remark 10M->10M(512M) 2.873ms
[2026-01-15T20:16:09.235+0530][3.504s][info][gc,cpu      ] GC(3) User=0.00s Sys=0.00s Real=0.00s
[2026-01-15T20:16:09.235+0530][3.504s][info][gc,marking  ] GC(3) Concurrent Mark 6.813ms
[2026-01-15T20:16:09.235+0530][3.504s][info][gc,marking  ] GC(3) Concurrent Rebuild Remembered Sets
[2026-01-15T20:16:09.235+0530][3.506s][info][gc,marking  ] GC(3) Concurrent Rebuild Remembered Sets 1.300ms
[2026-01-15T20:16:09.235+0530][3.506s][info][gc,start    ] GC(3) Pause Cleanup
[2026-01-15T20:16:09.235+0530][3.506s][info][gc          ] GC(3) Pause Cleanup 10M->10M(512M) 0.135ms
[2026-01-15T20:16:09.235+0530][3.506s][info][gc,cpu      ] GC(3) User=0.02s Sys=0.00s Real=0.00s
[2026-01-15T20:16:09.235+0530][3.506s][info][gc,marking  ] GC(3) Concurrent Cleanup for Next Mark
[2026-01-15T20:16:09.238+0530][3.508s][info][gc,marking  ] GC(3) Concurrent Cleanup for Next Mark 1.942ms
[2026-01-15T20:16:09.238+0530][3.508s][info][gc          ] GC(3) Concurrent Mark Cycle 13.961ms
[2026-01-15T20:39:32.431+0530][1407.050s][info][gc,start    ] GC(4) Pause Young (Normal) (G1 Evacuation Pause)
[2026-01-15T20:39:32.431+0530][1407.050s][info][gc,task     ] GC(4) Using 12 workers of 13 for evacuation
[2026-01-15T20:39:32.444+0530][1407.062s][info][gc,phases   ] GC(4)   Pre Evacuate Collection Set: 0.1ms
[2026-01-15T20:39:32.444+0530][1407.062s][info][gc,phases   ] GC(4)   Merge Heap Roots: 0.1ms
[2026-01-15T20:39:32.445+0530][1407.063s][info][gc,phases   ] GC(4)   Evacuate Collection Set: 10.7ms
[2026-01-15T20:39:32.445+0530][1407.063s][info][gc,phases   ] GC(4)   Post Evacuate Collection Set: 1.3ms
[2026-01-15T20:39:32.445+0530][1407.063s][info][gc,phases   ] GC(4)   Other: 0.3ms
[2026-01-15T20:39:32.445+0530][1407.063s][info][gc,heap     ] GC(4) Eden regions: 173->0(295)
[2026-01-15T20:39:32.445+0530][1407.063s][info][gc,heap     ] GC(4) Survivor regions: 7->12(23)
[2026-01-15T20:39:32.445+0530][1407.063s][info][gc,heap     ] GC(4) Old regions: 4->4
[2026-01-15T20:39:32.445+0530][1407.063s][info][gc,heap     ] GC(4) Archive regions: 0->0
[2026-01-15T20:39:32.445+0530][1407.063s][info][gc,heap     ] GC(4) Humongous regions: 0->0
[2026-01-15T20:39:32.445+0530][1407.063s][info][gc,metaspace] GC(4) Metaspace: 34213K(34688K)->34213K(34688K) NonClass: 30080K(30336K)->30080K(30336K) Class: 4132K(4352K)->4132K(4352K)
[2026-01-15T20:39:32.445+0530][1407.063s][info][gc          ] GC(4) Pause Young (Normal) (G1 Evacuation Pause) 182M->14M(512M) 12.785ms
[2026-01-15T20:39:32.445+0530][1407.063s][info][gc,cpu      ] GC(4) User=0.06s Sys=0.03s Real=0.01s
[2026-01-15T20:44:37.256+0530][1711.934s][info][gc,start    ] GC(5) Pause Young (Normal) (G1 Evacuation Pause)
[2026-01-15T20:44:37.256+0530][1711.934s][info][gc,task     ] GC(5) Using 12 workers of 13 for evacuation
[2026-01-15T20:44:37.271+0530][1711.949s][info][gc,phases   ] GC(5)   Pre Evacuate Collection Set: 0.1ms
[2026-01-15T20:44:37.271+0530][1711.949s][info][gc,phases   ] GC(5)   Merge Heap Roots: 0.1ms
[2026-01-15T20:44:37.271+0530][1711.949s][info][gc,phases   ] GC(5)   Evacuate Collection Set: 11.6ms
[2026-01-15T20:44:37.271+0530][1711.949s][info][gc,phases   ] GC(5)   Post Evacuate Collection Set: 2.7ms
[2026-01-15T20:44:37.272+0530][1711.949s][info][gc,phases   ] GC(5)   Other: 0.5ms
[2026-01-15T20:44:37.272+0530][1711.949s][info][gc,heap     ] GC(5) Eden regions: 295->0(297)
[2026-01-15T20:44:37.272+0530][1711.949s][info][gc,heap     ] GC(5) Survivor regions: 12->10(39)
[2026-01-15T20:44:37.272+0530][1711.949s][info][gc,heap     ] GC(5) Old regions: 4->4
[2026-01-15T20:44:37.272+0530][1711.949s][info][gc,heap     ] GC(5) Archive regions: 0->0
[2026-01-15T20:44:37.272+0530][1711.949s][info][gc,heap     ] GC(5) Humongous regions: 0->0
[2026-01-15T20:44:37.272+0530][1711.949s][info][gc,metaspace] GC(5) Metaspace: 34555K(35072K)->34555K(35072K) NonClass: 30421K(30720K)->30421K(30720K) Class: 4133K(4352K)->4133K(4352K)
[2026-01-15T20:44:37.272+0530][1711.950s][info][gc          ] GC(5) Pause Young (Normal) (G1 Evacuation Pause) 309M->12M(512M) 15.437ms
[2026-01-15T20:44:37.272+0530][1711.950s][info][gc,cpu      ] GC(5) User=0.02s Sys=0.08s Real=0.02s
[2026-01-15T20:54:13.172+0530][2287.951s][info][gc,heap,exit] Heap
[2026-01-15T20:54:13.172+0530][2287.951s][info][gc,heap,exit]  garbage-first heap   total 524288K, used 59603K [0x00000000e0000000, 0x0000000100000000)
[2026-01-15T20:54:13.173+0530][2287.951s][info][gc,heap,exit]   region size 1024K, 56 young (57344K), 10 survivors (10240K)
[2026-01-15T20:54:13.173+0530][2287.951s][info][gc,heap,exit]  Metaspace       used 34855K, committed 35328K, reserved 1114112K
[2026-01-15T20:54:13.173+0530][2287.951s][info][gc,heap,exit]   class space    used 4180K, committed 4416K, reserved 1048576K
