[2026-01-16T22:10:19.591+0530][0.015s][info][gc] Using G1
[2026-01-16T22:10:19.596+0530][0.020s][info][gc,init] Version: 17.0.12+8-LTS-286 (release)
[2026-01-16T22:10:19.596+0530][0.020s][info][gc,init] CPUs: 16 total, 16 available
[2026-01-16T22:10:19.596+0530][0.020s][info][gc,init] Memory: 14188M
[2026-01-16T22:10:19.596+0530][0.020s][info][gc,init] Large Page Support: Disabled
[2026-01-16T22:10:19.596+0530][0.020s][info][gc,init] NUMA Support: Disabled
[2026-01-16T22:10:19.596+0530][0.020s][info][gc,init] Compressed Oops: Enabled (32-bit)
[2026-01-16T22:10:19.596+0530][0.020s][info][gc,init] Heap Region Size: 1M
[2026-01-16T22:10:19.596+0530][0.020s][info][gc,init] Heap Min Capacity: 512M
[2026-01-16T22:10:19.597+0530][0.020s][info][gc,init] Heap Initial Capacity: 512M
[2026-01-16T22:10:19.597+0530][0.020s][info][gc,init] Heap Max Capacity: 512M
[2026-01-16T22:10:19.597+0530][0.020s][info][gc,init] Pre-touch: Disabled
[2026-01-16T22:10:19.597+0530][0.020s][info][gc,init] Parallel Workers: 13
[2026-01-16T22:10:19.597+0530][0.020s][info][gc,init] Concurrent Workers: 3
[2026-01-16T22:10:19.597+0530][0.020s][info][gc,init] Concurrent Refinement Workers: 13
[2026-01-16T22:10:19.597+0530][0.020s][info][gc,init] Periodic GC: Disabled
[2026-01-16T22:10:19.608+0530][0.032s][info][gc,metaspace] CDS archive(s) mapped at: [0x0000021231000000-0x0000021231bd0000-0x0000021231bd0000), size 12386304, SharedBaseAddress: 0x0000021231000000, ArchiveRelocationMode: 1.
[2026-01-16T22:10:19.608+0530][0.032s][info][gc,metaspace] Compressed class space mapped at: 0x0000021232000000-0x0000021272000000, reserved size: 1073741824
[2026-01-16T22:10:19.608+0530][0.032s][info][gc,metaspace] Narrow klass base: 0x0000021231000000, Narrow klass shift: 0, Narrow klass range: 0x100000000
[2026-01-16T22:10:20.616+0530][1.040s][info][gc,start    ] GC(0) Pause Young (Normal) (G1 Evacuation Pause)
[2026-01-16T22:10:20.617+0530][1.041s][info][gc,task     ] GC(0) Using 12 workers of 13 for evacuation
[2026-01-16T22:10:20.621+0530][1.045s][info][gc,phases   ] GC(0)   Pre Evacuate Collection Set: 0.1ms
[2026-01-16T22:10:20.621+0530][1.045s][info][gc,phases   ] GC(0)   Merge Heap Roots: 0.1ms
[2026-01-16T22:10:20.621+0530][1.045s][info][gc,phases   ] GC(0)   Evacuate Collection Set: 3.1ms
[2026-01-16T22:10:20.621+0530][1.045s][info][gc,phases   ] GC(0)   Post Evacuate Collection Set: 0.5ms
[2026-01-16T22:10:20.621+0530][1.045s][info][gc,phases   ] GC(0)   Other: 0.9ms
[2026-01-16T22:10:20.621+0530][1.045s][info][gc,heap     ] GC(0) Eden regions: 25->0(34)
[2026-01-16T22:10:20.621+0530][1.045s][info][gc,heap     ] GC(0) Survivor regions: 0->4(4)
[2026-01-16T22:10:20.621+0530][1.045s][info][gc,heap     ] GC(0) Old regions: 0->0
[2026-01-16T22:10:20.621+0530][1.045s][info][gc,heap     ] GC(0) Archive regions: 0->0
[2026-01-16T22:10:20.621+0530][1.045s][info][gc,heap     ] GC(0) Humongous regions: 0->0
[2026-01-16T22:10:20.621+0530][1.045s][info][gc,metaspace] GC(0) Metaspace: 4880K(5120K)->4880K(5120K) NonClass: 4375K(4480K)->4375K(4480K) Class: 504K(640K)->504K(640K)
[2026-01-16T22:10:20.621+0530][1.045s][info][gc          ] GC(0) Pause Young (Normal) (G1 Evacuation Pause) 25M->3M(512M) 5.123ms
[2026-01-16T22:10:20.621+0530][1.045s][info][gc,cpu      ] GC(0) User=0.00s Sys=0.00s Real=0.01s
[2026-01-16T22:10:21.888+0530][2.311s][info][gc,start    ] GC(1) Pause Young (Normal) (G1 Evacuation Pause)
[2026-01-16T22:10:21.888+0530][2.312s][info][gc,task     ] GC(1) Using 12 workers of 13 for evacuation
[2026-01-16T22:10:21.895+0530][2.318s][info][gc,phases   ] GC(1)   Pre Evacuate Collection Set: 0.1ms
[2026-01-16T22:10:21.895+0530][2.318s][info][gc,phases   ] GC(1)   Merge Heap Roots: 0.1ms
[2026-01-16T22:10:21.895+0530][2.318s][info][gc,phases   ] GC(1)   Evacuate Collection Set: 5.2ms
[2026-01-16T22:10:21.895+0530][2.318s][info][gc,phases   ] GC(1)   Post Evacuate Collection Set: 1.0ms
[2026-01-16T22:10:21.895+0530][2.318s][info][gc,phases   ] GC(1)   Other: 0.2ms
[2026-01-16T22:10:21.895+0530][2.318s][info][gc,heap     ] GC(1) Eden regions: 34->0(81)
[2026-01-16T22:10:21.895+0530][2.318s][info][gc,heap     ] GC(1) Survivor regions: 4->3(5)
[2026-01-16T22:10:21.895+0530][2.318s][info][gc,heap     ] GC(1) Old regions: 0->4
[2026-01-16T22:10:21.895+0530][2.318s][info][gc,heap     ] GC(1) Archive regions: 0->0
[2026-01-16T22:10:21.895+0530][2.318s][info][gc,heap     ] GC(1) Humongous regions: 0->0
[2026-01-16T22:10:21.895+0530][2.318s][info][gc,metaspace] GC(1) Metaspace: 12255K(12608K)->12255K(12608K) NonClass: 10869K(11072K)->10869K(11072K) Class: 1386K(1536K)->1386K(1536K)
[2026-01-16T22:10:21.895+0530][2.319s][info][gc          ] GC(1) Pause Young (Normal) (G1 Evacuation Pause) 37M->6M(512M) 7.066ms
[2026-01-16T22:10:21.895+0530][2.319s][info][gc,cpu      ] GC(1) User=0.02s Sys=0.02s Real=0.01s
[2026-01-16T22:10:22.740+0530][3.164s][info][gc,start    ] GC(2) Pause Young (Concurrent Start) (Metadata GC Threshold)
[2026-01-16T22:10:22.740+0530][3.164s][info][gc,task     ] GC(2) Using 12 workers of 13 for evacuation
[2026-01-16T22:10:22.744+0530][3.169s][info][gc,phases   ] GC(2)   Pre Evacuate Collection Set: 0.1ms
[2026-01-16T22:10:22.744+0530][3.169s][info][gc,phases   ] GC(2)   Merge Heap Roots: 0.1ms
[2026-01-16T22:10:22.744+0530][3.169s][info][gc,phases   ] GC(2)   Evacuate Collection Set: 3.3ms
[2026-01-16T22:10:22.744+0530][3.169s][info][gc,phases   ] GC(2)   Post Evacuate Collection Set: 0.6ms
[2026-01-16T22:10:22.744+0530][3.169s][info][gc,phases   ] GC(2)   Other: 0.3ms
[2026-01-16T22:10:22.744+0530][3.169s][info][gc,heap     ] GC(2) Eden regions: 56->0(265)
[2026-01-16T22:10:22.744+0530][3.169s][info][gc,heap     ] GC(2) Survivor regions: 3->6(11)
[2026-01-16T22:10:22.744+0530][3.169s][info][gc,heap     ] GC(2) Old regions: 4->4
[2026-01-16T22:10:22.744+0530][3.169s][info][gc,heap     ] GC(2) Archive regions: 0->0
[2026-01-16T22:10:22.744+0530][3.169s][info][gc,heap     ] GC(2) Humongous regions: 0->0
[2026-01-16T22:10:22.744+0530][3.169s][info][gc,metaspace] GC(2) Metaspace: 21191K(21504K)->21191K(21504K) NonClass: 18603K(18752K)->18603K(18752K) Class: 2588K(2752K)->2588K(2752K)
[2026-01-16T22:10:22.744+0530][3.169s][info][gc          ] GC(2) Pause Young (Concurrent Start) (Metadata GC Threshold) 62M->8M(512M) 4.492ms
[2026-01-16T22:10:22.744+0530][3.169s][info][gc,cpu      ] GC(2) User=0.00s Sys=0.00s Real=0.00s
[2026-01-16T22:10:22.744+0530][3.169s][info][gc          ] GC(3) Concurrent Mark Cycle
[2026-01-16T22:10:22.746+0530][3.169s][info][gc,marking  ] GC(3) Concurrent Clear Claimed Marks
[2026-01-16T22:10:22.746+0530][3.169s][info][gc,marking  ] GC(3) Concurrent Clear Claimed Marks 0.037ms
[2026-01-16T22:10:22.746+0530][3.169s][info][gc,marking  ] GC(3) Concurrent Scan Root Regions
[2026-01-16T22:10:22.747+0530][3.171s][info][gc,marking  ] GC(3) Concurrent Scan Root Regions 1.752ms
[2026-01-16T22:10:22.747+0530][3.171s][info][gc,marking  ] GC(3) Concurrent Mark
[2026-01-16T22:10:22.747+0530][3.171s][info][gc,marking  ] GC(3) Concurrent Mark From Roots
[2026-01-16T22:10:22.747+0530][3.171s][info][gc,task     ] GC(3) Using 3 workers of 3 for marking
[2026-01-16T22:10:22.749+0530][3.173s][info][gc,marking  ] GC(3) Concurrent Mark From Roots 2.369ms
[2026-01-16T22:10:22.749+0530][3.173s][info][gc,marking  ] GC(3) Concurrent Preclean
[2026-01-16T22:10:22.749+0530][3.173s][info][gc,marking  ] GC(3) Concurrent Preclean 0.132ms
[2026-01-16T22:10:22.750+0530][3.174s][info][gc,start    ] GC(3) Pause Remark
[2026-01-16T22:10:22.752+0530][3.176s][info][gc          ] GC(3) Pause Remark 9M->9M(512M) 2.256ms
[2026-01-16T22:10:22.752+0530][3.176s][info][gc,cpu      ] GC(3) User=0.00s Sys=0.00s Real=0.00s
[2026-01-16T22:10:22.752+0530][3.176s][info][gc,marking  ] GC(3) Concurrent Mark 5.124ms
[2026-01-16T22:10:22.752+0530][3.176s][info][gc,marking  ] GC(3) Concurrent Rebuild Remembered Sets
[2026-01-16T22:10:22.754+0530][3.177s][info][gc,marking  ] GC(3) Concurrent Rebuild Remembered Sets 1.027ms
[2026-01-16T22:10:22.754+0530][3.177s][info][gc,start    ] GC(3) Pause Cleanup
[2026-01-16T22:10:22.754+0530][3.177s][info][gc          ] GC(3) Pause Cleanup 9M->9M(512M) 0.091ms
[2026-01-16T22:10:22.754+0530][3.177s][info][gc,cpu      ] GC(3) User=0.00s Sys=0.00s Real=0.00s
[2026-01-16T22:10:22.754+0530][3.177s][info][gc,marking  ] GC(3) Concurrent Cleanup for Next Mark
[2026-01-16T22:10:22.756+0530][3.180s][info][gc,marking  ] GC(3) Concurrent Cleanup for Next Mark 2.135ms
[2026-01-16T22:10:22.756+0530][3.180s][info][gc          ] GC(3) Concurrent Mark Cycle 10.704ms
[2026-01-16T22:10:34.406+0530][14.830s][info][gc,start    ] GC(4) Pause Young (Prepare Mixed) (Metadata GC Threshold)
[2026-01-16T22:10:34.406+0530][14.831s][info][gc,task     ] GC(4) Using 12 workers of 13 for evacuation
[2026-01-16T22:10:34.414+0530][14.838s][info][gc,phases   ] GC(4)   Pre Evacuate Collection Set: 0.1ms
[2026-01-16T22:10:34.414+0530][14.838s][info][gc,phases   ] GC(4)   Merge Heap Roots: 0.1ms
[2026-01-16T22:10:34.414+0530][14.838s][info][gc,phases   ] GC(4)   Evacuate Collection Set: 6.0ms
[2026-01-16T22:10:34.414+0530][14.838s][info][gc,phases   ] GC(4)   Post Evacuate Collection Set: 0.8ms
[2026-01-16T22:10:34.414+0530][14.838s][info][gc,phases   ] GC(4)   Other: 0.2ms
[2026-01-16T22:10:34.414+0530][14.838s][info][gc,heap     ] GC(4) Eden regions: 188->0(13)
[2026-01-16T22:10:34.414+0530][14.838s][info][gc,heap     ] GC(4) Survivor regions: 6->12(37)
[2026-01-16T22:10:34.414+0530][14.838s][info][gc,heap     ] GC(4) Old regions: 4->4
[2026-01-16T22:10:34.414+0530][14.838s][info][gc,heap     ] GC(4) Archive regions: 0->0
[2026-01-16T22:10:34.414+0530][14.838s][info][gc,heap     ] GC(4) Humongous regions: 0->0
[2026-01-16T22:10:34.414+0530][14.838s][info][gc,metaspace] GC(4) Metaspace: 35655K(36096K)->35655K(36096K) NonClass: 31332K(31552K)->31332K(31552K) Class: 4323K(4544K)->4323K(4544K)
[2026-01-16T22:10:34.414+0530][14.838s][info][gc          ] GC(4) Pause Young (Prepare Mixed) (Metadata GC Threshold) 196M->14M(512M) 7.387ms
[2026-01-16T22:10:34.414+0530][14.838s][info][gc,cpu      ] GC(4) User=0.09s Sys=0.09s Real=0.01s
[2026-01-16T22:10:35.002+0530][15.426s][info][gc,start    ] GC(5) Pause Young (Mixed) (G1 Evacuation Pause)
[2026-01-16T22:10:35.003+0530][15.427s][info][gc,task     ] GC(5) Using 12 workers of 13 for evacuation
[2026-01-16T22:10:35.010+0530][15.435s][info][gc,phases   ] GC(5)   Pre Evacuate Collection Set: 0.1ms
[2026-01-16T22:10:35.010+0530][15.435s][info][gc,phases   ] GC(5)   Merge Heap Roots: 0.1ms
[2026-01-16T22:10:35.010+0530][15.435s][info][gc,phases   ] GC(5)   Evacuate Collection Set: 7.4ms
[2026-01-16T22:10:35.010+0530][15.435s][info][gc,phases   ] GC(5)   Post Evacuate Collection Set: 0.8ms
[2026-01-16T22:10:35.010+0530][15.435s][info][gc,phases   ] GC(5)   Other: 0.2ms
[2026-01-16T22:10:35.010+0530][15.435s][info][gc,heap     ] GC(5) Eden regions: 13->0(305)
[2026-01-16T22:10:35.010+0530][15.435s][info][gc,heap     ] GC(5) Survivor regions: 12->2(4)
[2026-01-16T22:10:35.010+0530][15.435s][info][gc,heap     ] GC(5) Old regions: 4->15
[2026-01-16T22:10:35.012+0530][15.435s][info][gc,heap     ] GC(5) Archive regions: 0->0
[2026-01-16T22:10:35.012+0530][15.435s][info][gc,heap     ] GC(5) Humongous regions: 0->0
[2026-01-16T22:10:35.012+0530][15.435s][info][gc,metaspace] GC(5) Metaspace: 35716K(36160K)->35716K(36160K) NonClass: 31392K(31616K)->31392K(31616K) Class: 4323K(4544K)->4323K(4544K)
[2026-01-16T22:10:35.012+0530][15.435s][info][gc          ] GC(5) Pause Young (Mixed) (G1 Evacuation Pause) 27M->15M(512M) 8.686ms
[2026-01-16T22:10:35.012+0530][15.435s][info][gc,cpu      ] GC(5) User=0.02s Sys=0.00s Real=0.01s
[2026-01-16T22:10:35.622+0530][16.046s][info][gc,start    ] GC(6) Pause Young (Concurrent Start) (Metadata GC Threshold)
[2026-01-16T22:10:35.622+0530][16.046s][info][gc,task     ] GC(6) Using 12 workers of 13 for evacuation
[2026-01-16T22:10:35.623+0530][16.047s][info][gc,phases   ] GC(6)   Pre Evacuate Collection Set: 0.1ms
[2026-01-16T22:10:35.623+0530][16.047s][info][gc,phases   ] GC(6)   Merge Heap Roots: 0.1ms
[2026-01-16T22:10:35.623+0530][16.047s][info][gc,phases   ] GC(6)   Evacuate Collection Set: 0.7ms
[2026-01-16T22:10:35.623+0530][16.047s][info][gc,phases   ] GC(6)   Post Evacuate Collection Set: 0.3ms
[2026-01-16T22:10:35.623+0530][16.047s][info][gc,phases   ] GC(6)   Other: 0.2ms
[2026-01-16T22:10:35.623+0530][16.047s][info][gc,heap     ] GC(6) Eden regions: 16->0(306)
[2026-01-16T22:10:35.623+0530][16.047s][info][gc,heap     ] GC(6) Survivor regions: 2->1(39)
[2026-01-16T22:10:35.623+0530][16.047s][info][gc,heap     ] GC(6) Old regions: 15->15
[2026-01-16T22:10:35.623+0530][16.047s][info][gc,heap     ] GC(6) Archive regions: 0->0
[2026-01-16T22:10:35.623+0530][16.047s][info][gc,heap     ] GC(6) Humongous regions: 0->0
[2026-01-16T22:10:35.623+0530][16.047s][info][gc,metaspace] GC(6) Metaspace: 35981K(36416K)->35981K(36416K) NonClass: 31658K(31872K)->31658K(31872K) Class: 4323K(4544K)->4323K(4544K)
[2026-01-16T22:10:35.623+0530][16.047s][info][gc          ] GC(6) Pause Young (Concurrent Start) (Metadata GC Threshold) 31M->14M(512M) 1.617ms
[2026-01-16T22:10:35.623+0530][16.047s][info][gc,cpu      ] GC(6) User=0.00s Sys=0.00s Real=0.00s
[2026-01-16T22:10:35.623+0530][16.047s][info][gc          ] GC(7) Concurrent Mark Cycle
[2026-01-16T22:10:35.623+0530][16.047s][info][gc,marking  ] GC(7) Concurrent Clear Claimed Marks
[2026-01-16T22:10:35.623+0530][16.047s][info][gc,marking  ] GC(7) Concurrent Clear Claimed Marks 0.027ms
[2026-01-16T22:10:35.623+0530][16.047s][info][gc,marking  ] GC(7) Concurrent Scan Root Regions
[2026-01-16T22:10:35.624+0530][16.048s][info][gc,marking  ] GC(7) Concurrent Scan Root Regions 0.681ms
[2026-01-16T22:10:35.624+0530][16.048s][info][gc,marking  ] GC(7) Concurrent Mark
[2026-01-16T22:10:35.624+0530][16.048s][info][gc,marking  ] GC(7) Concurrent Mark From Roots
[2026-01-16T22:10:35.624+0530][16.048s][info][gc,task     ] GC(7) Using 3 workers of 3 for marking
[2026-01-16T22:10:35.640+0530][16.063s][info][gc,marking  ] GC(7) Concurrent Mark From Roots 15.102ms
[2026-01-16T22:10:35.640+0530][16.063s][info][gc,marking  ] GC(7) Concurrent Preclean
[2026-01-16T22:10:35.640+0530][16.064s][info][gc,marking  ] GC(7) Concurrent Preclean 0.443ms
[2026-01-16T22:10:35.641+0530][16.064s][info][gc,start    ] GC(7) Pause Remark
[2026-01-16T22:10:35.645+0530][16.069s][info][gc          ] GC(7) Pause Remark 18M->18M(512M) 4.686ms
[2026-01-16T22:10:35.645+0530][16.069s][info][gc,cpu      ] GC(7) User=0.00s Sys=0.02s Real=0.00s
[2026-01-16T22:10:35.645+0530][16.069s][info][gc,marking  ] GC(7) Concurrent Mark 20.810ms
[2026-01-16T22:10:35.645+0530][16.069s][info][gc,marking  ] GC(7) Concurrent Rebuild Remembered Sets
[2026-01-16T22:10:35.650+0530][16.074s][info][gc,marking  ] GC(7) Concurrent Rebuild Remembered Sets 5.452ms
[2026-01-16T22:10:35.650+0530][16.075s][info][gc,start    ] GC(7) Pause Cleanup
[2026-01-16T22:10:35.651+0530][16.075s][info][gc          ] GC(7) Pause Cleanup 18M->18M(512M) 0.202ms
[2026-01-16T22:10:35.651+0530][16.075s][info][gc,cpu      ] GC(7) User=0.00s Sys=0.00s Real=0.00s
[2026-01-16T22:10:35.651+0530][16.075s][info][gc,marking  ] GC(7) Concurrent Cleanup for Next Mark
[2026-01-16T22:10:35.651+0530][16.076s][info][gc,marking  ] GC(7) Concurrent Cleanup for Next Mark 0.972ms
[2026-01-16T22:10:35.651+0530][16.076s][info][gc          ] GC(7) Concurrent Mark Cycle 28.739ms
[2026-01-16T22:20:24.150+0530][604.573s][info][gc,start    ] GC(8) Pause Young (Normal) (G1 Evacuation Pause)
[2026-01-16T22:20:24.150+0530][604.573s][info][gc,task     ] GC(8) Using 12 workers of 13 for evacuation
[2026-01-16T22:20:24.150+0530][604.574s][info][gc,phases   ] GC(8)   Pre Evacuate Collection Set: 0.1ms
[2026-01-16T22:20:24.150+0530][604.574s][info][gc,phases   ] GC(8)   Merge Heap Roots: 0.1ms
[2026-01-16T22:20:24.150+0530][604.574s][info][gc,phases   ] GC(8)   Evacuate Collection Set: 0.6ms
[2026-01-16T22:20:24.151+0530][604.574s][info][gc,phases   ] GC(8)   Post Evacuate Collection Set: 0.4ms
[2026-01-16T22:20:24.151+0530][604.574s][info][gc,phases   ] GC(8)   Other: 0.3ms
[2026-01-16T22:20:24.151+0530][604.574s][info][gc,heap     ] GC(8) Eden regions: 306->0(306)
[2026-01-16T22:20:24.151+0530][604.575s][info][gc,heap     ] GC(8) Survivor regions: 1->1(39)
[2026-01-16T22:20:24.151+0530][604.575s][info][gc,heap     ] GC(8) Old regions: 15->15
[2026-01-16T22:20:24.151+0530][604.575s][info][gc,heap     ] GC(8) Archive regions: 0->0
[2026-01-16T22:20:24.151+0530][604.575s][info][gc,heap     ] GC(8) Humongous regions: 0->0
[2026-01-16T22:20:24.151+0530][604.575s][info][gc,metaspace] GC(8) Metaspace: 36212K(36736K)->36212K(36736K) NonClass: 31886K(32192K)->31886K(32192K) Class: 4325K(4544K)->4325K(4544K)
[2026-01-16T22:20:24.151+0530][604.575s][info][gc          ] GC(8) Pause Young (Normal) (G1 Evacuation Pause) 320M->14M(512M) 1.706ms
[2026-01-16T22:20:24.151+0530][604.575s][info][gc,cpu      ] GC(8) User=0.00s Sys=0.00s Real=0.00s
[2026-01-16T22:21:46.485+0530][686.909s][info][gc,heap,exit] Heap
[2026-01-16T22:21:46.485+0530][686.909s][info][gc,heap,exit]  garbage-first heap   total 524288K, used 33880K [0x00000000e0000000, 0x0000000100000000)
[2026-01-16T22:21:46.485+0530][686.909s][info][gc,heap,exit]   region size 1024K, 20 young (20480K), 1 survivors (1024K)
[2026-01-16T22:21:46.485+0530][686.909s][info][gc,heap,exit]  Metaspace       used 36481K, committed 36992K, reserved 1114112K
[2026-01-16T22:21:46.485+0530][686.909s][info][gc,heap,exit]   class space    used 4369K, committed 4608K, reserved 1048576K
