[2026-01-15T23:42:11.629+0530][0.016s][info][gc] Using G1
[2026-01-15T23:42:11.635+0530][0.021s][info][gc,init] Version: 17.0.12+8-LTS-286 (release)
[2026-01-15T23:42:11.635+0530][0.022s][info][gc,init] CPUs: 16 total, 16 available
[2026-01-15T23:42:11.635+0530][0.022s][info][gc,init] Memory: 14188M
[2026-01-15T23:42:11.635+0530][0.022s][info][gc,init] Large Page Support: Disabled
[2026-01-15T23:42:11.635+0530][0.022s][info][gc,init] NUMA Support: Disabled
[2026-01-15T23:42:11.635+0530][0.022s][info][gc,init] Compressed Oops: Enabled (32-bit)
[2026-01-15T23:42:11.635+0530][0.022s][info][gc,init] Heap Region Size: 1M
[2026-01-15T23:42:11.635+0530][0.022s][info][gc,init] Heap Min Capacity: 512M
[2026-01-15T23:42:11.635+0530][0.022s][info][gc,init] Heap Initial Capacity: 512M
[2026-01-15T23:42:11.635+0530][0.022s][info][gc,init] Heap Max Capacity: 512M
[2026-01-15T23:42:11.635+0530][0.022s][info][gc,init] Pre-touch: Disabled
[2026-01-15T23:42:11.635+0530][0.022s][info][gc,init] Parallel Workers: 13
[2026-01-15T23:42:11.635+0530][0.022s][info][gc,init] Concurrent Workers: 3
[2026-01-15T23:42:11.635+0530][0.022s][info][gc,init] Concurrent Refinement Workers: 13
[2026-01-15T23:42:11.635+0530][0.022s][info][gc,init] Periodic GC: Disabled
[2026-01-15T23:42:11.644+0530][0.031s][info][gc,metaspace] CDS archive(s) mapped at: [0x0000019e00000000-0x0000019e00bd0000-0x0000019e00bd0000), size 12386304, SharedBaseAddress: 0x0000019e00000000, ArchiveRelocationMode: 1.
[2026-01-15T23:42:11.644+0530][0.031s][info][gc,metaspace] Compressed class space mapped at: 0x0000019e01000000-0x0000019e41000000, reserved size: 1073741824
[2026-01-15T23:42:11.644+0530][0.031s][info][gc,metaspace] Narrow klass base: 0x0000019e00000000, Narrow klass shift: 0, Narrow klass range: 0x100000000
[2026-01-15T23:42:12.668+0530][1.055s][info][gc,start    ] GC(0) Pause Young (Normal) (G1 Evacuation Pause)
[2026-01-15T23:42:12.670+0530][1.057s][info][gc,task     ] GC(0) Using 12 workers of 13 for evacuation
[2026-01-15T23:42:12.675+0530][1.063s][info][gc,phases   ] GC(0)   Pre Evacuate Collection Set: 0.2ms
[2026-01-15T23:42:12.676+0530][1.063s][info][gc,phases   ] GC(0)   Merge Heap Roots: 0.2ms
[2026-01-15T23:42:12.676+0530][1.063s][info][gc,phases   ] GC(0)   Evacuate Collection Set: 4.4ms
[2026-01-15T23:42:12.676+0530][1.063s][info][gc,phases   ] GC(0)   Post Evacuate Collection Set: 0.7ms
[2026-01-15T23:42:12.676+0530][1.063s][info][gc,phases   ] GC(0)   Other: 1.9ms
[2026-01-15T23:42:12.676+0530][1.063s][info][gc,heap     ] GC(0) Eden regions: 25->0(34)
[2026-01-15T23:42:12.676+0530][1.063s][info][gc,heap     ] GC(0) Survivor regions: 0->4(4)
[2026-01-15T23:42:12.676+0530][1.063s][info][gc,heap     ] GC(0) Old regions: 0->0
[2026-01-15T23:42:12.676+0530][1.063s][info][gc,heap     ] GC(0) Archive regions: 0->0
[2026-01-15T23:42:12.676+0530][1.063s][info][gc,heap     ] GC(0) Humongous regions: 0->0
[2026-01-15T23:42:12.676+0530][1.063s][info][gc,metaspace] GC(0) Metaspace: 4760K(4992K)->4760K(4992K) NonClass: 4269K(4416K)->4269K(4416K) Class: 491K(576K)->491K(576K)
[2026-01-15T23:42:12.676+0530][1.063s][info][gc          ] GC(0) Pause Young (Normal) (G1 Evacuation Pause) 25M->3M(512M) 7.632ms
[2026-01-15T23:42:12.676+0530][1.063s][info][gc,cpu      ] GC(0) User=0.00s Sys=0.00s Real=0.01s
[2026-01-15T23:42:13.949+0530][2.337s][info][gc,start    ] GC(1) Pause Young (Normal) (G1 Evacuation Pause)
[2026-01-15T23:42:13.949+0530][2.337s][info][gc,task     ] GC(1) Using 12 workers of 13 for evacuation
[2026-01-15T23:42:13.953+0530][2.341s][info][gc,phases   ] GC(1)   Pre Evacuate Collection Set: 0.1ms
[2026-01-15T23:42:13.953+0530][2.341s][info][gc,phases   ] GC(1)   Merge Heap Roots: 0.1ms
[2026-01-15T23:42:13.953+0530][2.341s][info][gc,phases   ] GC(1)   Evacuate Collection Set: 3.4ms
[2026-01-15T23:42:13.953+0530][2.341s][info][gc,phases   ] GC(1)   Post Evacuate Collection Set: 0.6ms
[2026-01-15T23:42:13.953+0530][2.341s][info][gc,phases   ] GC(1)   Other: 0.2ms
[2026-01-15T23:42:13.953+0530][2.341s][info][gc,heap     ] GC(1) Eden regions: 34->0(256)
[2026-01-15T23:42:13.953+0530][2.341s][info][gc,heap     ] GC(1) Survivor regions: 4->2(5)
[2026-01-15T23:42:13.955+0530][2.341s][info][gc,heap     ] GC(1) Old regions: 0->4
[2026-01-15T23:42:13.955+0530][2.342s][info][gc,heap     ] GC(1) Archive regions: 0->0
[2026-01-15T23:42:13.955+0530][2.342s][info][gc,heap     ] GC(1) Humongous regions: 0->0
[2026-01-15T23:42:13.955+0530][2.342s][info][gc,metaspace] GC(1) Metaspace: 10111K(10432K)->10111K(10432K) NonClass: 8912K(9088K)->8912K(9088K) Class: 1199K(1344K)->1199K(1344K)
[2026-01-15T23:42:13.955+0530][2.342s][info][gc          ] GC(1) Pause Young (Normal) (G1 Evacuation Pause) 37M->5M(512M) 4.813ms
[2026-01-15T23:42:13.955+0530][2.342s][info][gc,cpu      ] GC(1) User=0.00s Sys=0.00s Real=0.01s
[2026-01-15T23:42:15.411+0530][3.798s][info][gc,start    ] GC(2) Pause Young (Concurrent Start) (Metadata GC Threshold)
[2026-01-15T23:42:15.411+0530][3.798s][info][gc,task     ] GC(2) Using 12 workers of 13 for evacuation
[2026-01-15T23:42:15.419+0530][3.806s][info][gc,phases   ] GC(2)   Pre Evacuate Collection Set: 0.1ms
[2026-01-15T23:42:15.419+0530][3.806s][info][gc,phases   ] GC(2)   Merge Heap Roots: 0.1ms
[2026-01-15T23:42:15.419+0530][3.806s][info][gc,phases   ] GC(2)   Evacuate Collection Set: 5.9ms
[2026-01-15T23:42:15.419+0530][3.806s][info][gc,phases   ] GC(2)   Post Evacuate Collection Set: 1.1ms
[2026-01-15T23:42:15.419+0530][3.806s][info][gc,phases   ] GC(2)   Other: 0.4ms
[2026-01-15T23:42:15.419+0530][3.806s][info][gc,heap     ] GC(2) Eden regions: 79->0(168)
[2026-01-15T23:42:15.419+0530][3.806s][info][gc,heap     ] GC(2) Survivor regions: 2->7(33)
[2026-01-15T23:42:15.419+0530][3.806s][info][gc,heap     ] GC(2) Old regions: 4->4
[2026-01-15T23:42:15.419+0530][3.806s][info][gc,heap     ] GC(2) Archive regions: 0->0
[2026-01-15T23:42:15.419+0530][3.806s][info][gc,heap     ] GC(2) Humongous regions: 0->0
[2026-01-15T23:42:15.419+0530][3.806s][info][gc,metaspace] GC(2) Metaspace: 21175K(21504K)->21175K(21504K) NonClass: 18567K(18752K)->18567K(18752K) Class: 2608K(2752K)->2608K(2752K)
[2026-01-15T23:42:15.419+0530][3.806s][info][gc          ] GC(2) Pause Young (Concurrent Start) (Metadata GC Threshold) 83M->9M(512M) 7.837ms
[2026-01-15T23:42:15.419+0530][3.806s][info][gc,cpu      ] GC(2) User=0.03s Sys=0.00s Real=0.01s
[2026-01-15T23:42:15.419+0530][3.806s][info][gc          ] GC(3) Concurrent Mark Cycle
[2026-01-15T23:42:15.419+0530][3.806s][info][gc,marking  ] GC(3) Concurrent Clear Claimed Marks
[2026-01-15T23:42:15.419+0530][3.806s][info][gc,marking  ] GC(3) Concurrent Clear Claimed Marks 0.063ms
[2026-01-15T23:42:15.419+0530][3.806s][info][gc,marking  ] GC(3) Concurrent Scan Root Regions
[2026-01-15T23:42:15.422+0530][3.810s][info][gc,marking  ] GC(3) Concurrent Scan Root Regions 3.162ms
[2026-01-15T23:42:15.422+0530][3.810s][info][gc,marking  ] GC(3) Concurrent Mark
[2026-01-15T23:42:15.422+0530][3.810s][info][gc,marking  ] GC(3) Concurrent Mark From Roots
[2026-01-15T23:42:15.422+0530][3.810s][info][gc,task     ] GC(3) Using 3 workers of 3 for marking
[2026-01-15T23:42:15.426+0530][3.813s][info][gc,marking  ] GC(3) Concurrent Mark From Roots 2.996ms
[2026-01-15T23:42:15.426+0530][3.813s][info][gc,marking  ] GC(3) Concurrent Preclean
[2026-01-15T23:42:15.426+0530][3.813s][info][gc,marking  ] GC(3) Concurrent Preclean 0.180ms
[2026-01-15T23:42:15.427+0530][3.814s][info][gc,start    ] GC(3) Pause Remark
[2026-01-15T23:42:15.430+0530][3.818s][info][gc          ] GC(3) Pause Remark 10M->10M(512M) 3.609ms
[2026-01-15T23:42:15.430+0530][3.818s][info][gc,cpu      ] GC(3) User=0.06s Sys=0.02s Real=0.00s
[2026-01-15T23:42:15.430+0530][3.818s][info][gc,marking  ] GC(3) Concurrent Mark 8.152ms
[2026-01-15T23:42:15.430+0530][3.818s][info][gc,marking  ] GC(3) Concurrent Rebuild Remembered Sets
[2026-01-15T23:42:15.432+0530][3.820s][info][gc,marking  ] GC(3) Concurrent Rebuild Remembered Sets 1.716ms
[2026-01-15T23:42:15.433+0530][3.820s][info][gc,start    ] GC(3) Pause Cleanup
[2026-01-15T23:42:15.433+0530][3.821s][info][gc          ] GC(3) Pause Cleanup 10M->10M(512M) 0.272ms
[2026-01-15T23:42:15.433+0530][3.821s][info][gc,cpu      ] GC(3) User=0.00s Sys=0.00s Real=0.00s
[2026-01-15T23:42:15.433+0530][3.821s][info][gc,marking  ] GC(3) Concurrent Cleanup for Next Mark
[2026-01-15T23:42:15.435+0530][3.822s][info][gc,marking  ] GC(3) Concurrent Cleanup for Next Mark 1.458ms
[2026-01-15T23:42:15.435+0530][3.822s][info][gc          ] GC(3) Concurrent Mark Cycle 16.254ms
[2026-01-15T23:42:36.896+0530][25.284s][info][gc,start    ] GC(4) Pause Young (Concurrent Start) (Metadata GC Threshold)
[2026-01-15T23:42:36.896+0530][25.284s][info][gc,task     ] GC(4) Using 12 workers of 13 for evacuation
[2026-01-15T23:42:36.907+0530][25.293s][info][gc,phases   ] GC(4)   Pre Evacuate Collection Set: 0.1ms
[2026-01-15T23:42:36.907+0530][25.294s][info][gc,phases   ] GC(4)   Merge Heap Roots: 0.1ms
[2026-01-15T23:42:36.907+0530][25.294s][info][gc,phases   ] GC(4)   Evacuate Collection Set: 8.0ms
[2026-01-15T23:42:36.907+0530][25.294s][info][gc,phases   ] GC(4)   Post Evacuate Collection Set: 1.2ms
[2026-01-15T23:42:36.907+0530][25.294s][info][gc,phases   ] GC(4)   Other: 0.3ms
[2026-01-15T23:42:36.907+0530][25.294s][info][gc,heap     ] GC(4) Eden regions: 154->0(295)
[2026-01-15T23:42:36.907+0530][25.294s][info][gc,heap     ] GC(4) Survivor regions: 7->12(24)
[2026-01-15T23:42:36.907+0530][25.294s][info][gc,heap     ] GC(4) Old regions: 4->4
[2026-01-15T23:42:36.907+0530][25.294s][info][gc,heap     ] GC(4) Archive regions: 0->0
[2026-01-15T23:42:36.907+0530][25.294s][info][gc,heap     ] GC(4) Humongous regions: 0->0
[2026-01-15T23:42:36.907+0530][25.294s][info][gc,metaspace] GC(4) Metaspace: 35509K(35968K)->35509K(35968K) NonClass: 31186K(31424K)->31186K(31424K) Class: 4323K(4544K)->4323K(4544K)
[2026-01-15T23:42:36.907+0530][25.294s][info][gc          ] GC(4) Pause Young (Concurrent Start) (Metadata GC Threshold) 163M->14M(512M) 10.005ms
[2026-01-15T23:42:36.907+0530][25.294s][info][gc,cpu      ] GC(4) User=0.00s Sys=0.00s Real=0.01s
[2026-01-15T23:42:36.907+0530][25.294s][info][gc          ] GC(5) Concurrent Mark Cycle
[2026-01-15T23:42:36.907+0530][25.294s][info][gc,marking  ] GC(5) Concurrent Clear Claimed Marks
[2026-01-15T23:42:36.907+0530][25.294s][info][gc,marking  ] GC(5) Concurrent Clear Claimed Marks 0.079ms
[2026-01-15T23:42:36.907+0530][25.294s][info][gc,marking  ] GC(5) Concurrent Scan Root Regions
[2026-01-15T23:42:36.910+0530][25.298s][info][gc,marking  ] GC(5) Concurrent Scan Root Regions 3.948ms
[2026-01-15T23:42:36.911+0530][25.298s][info][gc,marking  ] GC(5) Concurrent Mark
[2026-01-15T23:42:36.911+0530][25.298s][info][gc,marking  ] GC(5) Concurrent Mark From Roots
[2026-01-15T23:42:36.911+0530][25.298s][info][gc,task     ] GC(5) Using 3 workers of 3 for marking
[2026-01-15T23:42:36.915+0530][25.302s][info][gc,marking  ] GC(5) Concurrent Mark From Roots 3.541ms
[2026-01-15T23:42:36.915+0530][25.302s][info][gc,marking  ] GC(5) Concurrent Preclean
[2026-01-15T23:42:36.915+0530][25.302s][info][gc,marking  ] GC(5) Concurrent Preclean 0.229ms
[2026-01-15T23:42:36.916+0530][25.302s][info][gc,start    ] GC(5) Pause Remark
[2026-01-15T23:42:36.920+0530][25.308s][info][gc          ] GC(5) Pause Remark 16M->16M(512M) 5.528ms
[2026-01-15T23:42:36.921+0530][25.308s][info][gc,cpu      ] GC(5) User=0.00s Sys=0.00s Real=0.01s
[2026-01-15T23:42:36.921+0530][25.308s][info][gc,marking  ] GC(5) Concurrent Mark 10.094ms
[2026-01-15T23:42:36.921+0530][25.308s][info][gc,marking  ] GC(5) Concurrent Rebuild Remembered Sets
[2026-01-15T23:42:36.923+0530][25.310s][info][gc,marking  ] GC(5) Concurrent Rebuild Remembered Sets 1.874ms
[2026-01-15T23:42:36.923+0530][25.310s][info][gc,start    ] GC(5) Pause Cleanup
[2026-01-15T23:42:36.923+0530][25.311s][info][gc          ] GC(5) Pause Cleanup 17M->17M(512M) 0.243ms
[2026-01-15T23:42:36.923+0530][25.311s][info][gc,cpu      ] GC(5) User=0.00s Sys=0.00s Real=0.00s
[2026-01-15T23:42:36.923+0530][25.311s][info][gc,marking  ] GC(5) Concurrent Cleanup for Next Mark
[2026-01-15T23:42:36.925+0530][25.312s][info][gc,marking  ] GC(5) Concurrent Cleanup for Next Mark 1.298ms
[2026-01-15T23:42:36.925+0530][25.312s][info][gc          ] GC(5) Concurrent Mark Cycle 18.305ms
[2026-01-15T23:46:10.892+0530][239.279s][info][gc,heap,exit] Heap
[2026-01-15T23:46:10.892+0530][239.279s][info][gc,heap,exit]  garbage-first heap   total 524288K, used 166551K [0x00000000e0000000, 0x0000000100000000)
[2026-01-15T23:46:10.892+0530][239.279s][info][gc,heap,exit]   region size 1024K, 160 young (163840K), 12 survivors (12288K)
[2026-01-15T23:46:10.892+0530][239.279s][info][gc,heap,exit]  Metaspace       used 36417K, committed 36800K, reserved 1114112K
[2026-01-15T23:46:10.892+0530][239.279s][info][gc,heap,exit]   class space    used 4370K, committed 4544K, reserved 1048576K
