[2026-01-16T22:39:24.867+0530][0.011s][info][gc] Using G1
[2026-01-16T22:39:24.871+0530][0.016s][info][gc,init] Version: 17.0.12+8-LTS-286 (release)
[2026-01-16T22:39:24.871+0530][0.016s][info][gc,init] CPUs: 16 total, 16 available
[2026-01-16T22:39:24.871+0530][0.016s][info][gc,init] Memory: 14188M
[2026-01-16T22:39:24.871+0530][0.016s][info][gc,init] Large Page Support: Disabled
[2026-01-16T22:39:24.871+0530][0.016s][info][gc,init] NUMA Support: Disabled
[2026-01-16T22:39:24.871+0530][0.016s][info][gc,init] Compressed Oops: Enabled (32-bit)
[2026-01-16T22:39:24.871+0530][0.016s][info][gc,init] Heap Region Size: 1M
[2026-01-16T22:39:24.871+0530][0.016s][info][gc,init] Heap Min Capacity: 512M
[2026-01-16T22:39:24.872+0530][0.016s][info][gc,init] Heap Initial Capacity: 512M
[2026-01-16T22:39:24.872+0530][0.016s][info][gc,init] Heap Max Capacity: 512M
[2026-01-16T22:39:24.872+0530][0.016s][info][gc,init] Pre-touch: Disabled
[2026-01-16T22:39:24.872+0530][0.016s][info][gc,init] Parallel Workers: 13
[2026-01-16T22:39:24.872+0530][0.016s][info][gc,init] Concurrent Workers: 3
[2026-01-16T22:39:24.872+0530][0.016s][info][gc,init] Concurrent Refinement Workers: 13
[2026-01-16T22:39:24.872+0530][0.016s][info][gc,init] Periodic GC: Disabled
[2026-01-16T22:39:24.881+0530][0.026s][info][gc,metaspace] CDS archive(s) mapped at: [0x0000017ab3000000-0x0000017ab3bd0000-0x0000017ab3bd0000), size 12386304, SharedBaseAddress: 0x0000017ab3000000, ArchiveRelocationMode: 1.
[2026-01-16T22:39:24.881+0530][0.026s][info][gc,metaspace] Compressed class space mapped at: 0x0000017ab4000000-0x0000017af4000000, reserved size: 1073741824
[2026-01-16T22:39:24.881+0530][0.026s][info][gc,metaspace] Narrow klass base: 0x0000017ab3000000, Narrow klass shift: 0, Narrow klass range: 0x100000000
[2026-01-16T22:39:25.830+0530][0.975s][info][gc,start    ] GC(0) Pause Young (Normal) (G1 Evacuation Pause)
[2026-01-16T22:39:25.832+0530][0.977s][info][gc,task     ] GC(0) Using 12 workers of 13 for evacuation
[2026-01-16T22:39:25.836+0530][0.981s][info][gc,phases   ] GC(0)   Pre Evacuate Collection Set: 0.1ms
[2026-01-16T22:39:25.836+0530][0.981s][info][gc,phases   ] GC(0)   Merge Heap Roots: 0.1ms
[2026-01-16T22:39:25.836+0530][0.981s][info][gc,phases   ] GC(0)   Evacuate Collection Set: 2.8ms
[2026-01-16T22:39:25.836+0530][0.981s][info][gc,phases   ] GC(0)   Post Evacuate Collection Set: 0.5ms
[2026-01-16T22:39:25.836+0530][0.981s][info][gc,phases   ] GC(0)   Other: 2.4ms
[2026-01-16T22:39:25.836+0530][0.981s][info][gc,heap     ] GC(0) Eden regions: 25->0(34)
[2026-01-16T22:39:25.836+0530][0.981s][info][gc,heap     ] GC(0) Survivor regions: 0->4(4)
[2026-01-16T22:39:25.836+0530][0.981s][info][gc,heap     ] GC(0) Old regions: 0->0
[2026-01-16T22:39:25.836+0530][0.981s][info][gc,heap     ] GC(0) Archive regions: 0->0
[2026-01-16T22:39:25.836+0530][0.981s][info][gc,heap     ] GC(0) Humongous regions: 0->0
[2026-01-16T22:39:25.836+0530][0.981s][info][gc,metaspace] GC(0) Metaspace: 4760K(4992K)->4760K(4992K) NonClass: 4268K(4416K)->4268K(4416K) Class: 491K(576K)->491K(576K)
[2026-01-16T22:39:25.836+0530][0.981s][info][gc          ] GC(0) Pause Young (Normal) (G1 Evacuation Pause) 25M->3M(512M) 6.232ms
[2026-01-16T22:39:25.837+0530][0.981s][info][gc,cpu      ] GC(0) User=0.11s Sys=0.03s Real=0.01s
[2026-01-16T22:39:26.893+0530][2.038s][info][gc,start    ] GC(1) Pause Young (Normal) (G1 Evacuation Pause)
[2026-01-16T22:39:26.893+0530][2.038s][info][gc,task     ] GC(1) Using 12 workers of 13 for evacuation
[2026-01-16T22:39:26.898+0530][2.042s][info][gc,phases   ] GC(1)   Pre Evacuate Collection Set: 0.1ms
[2026-01-16T22:39:26.898+0530][2.042s][info][gc,phases   ] GC(1)   Merge Heap Roots: 0.1ms
[2026-01-16T22:39:26.898+0530][2.042s][info][gc,phases   ] GC(1)   Evacuate Collection Set: 3.1ms
[2026-01-16T22:39:26.898+0530][2.042s][info][gc,phases   ] GC(1)   Post Evacuate Collection Set: 0.5ms
[2026-01-16T22:39:26.898+0530][2.042s][info][gc,phases   ] GC(1)   Other: 0.2ms
[2026-01-16T22:39:26.898+0530][2.042s][info][gc,heap     ] GC(1) Eden regions: 34->0(236)
[2026-01-16T22:39:26.898+0530][2.042s][info][gc,heap     ] GC(1) Survivor regions: 4->2(5)
[2026-01-16T22:39:26.898+0530][2.042s][info][gc,heap     ] GC(1) Old regions: 0->4
[2026-01-16T22:39:26.898+0530][2.042s][info][gc,heap     ] GC(1) Archive regions: 0->0
[2026-01-16T22:39:26.898+0530][2.042s][info][gc,heap     ] GC(1) Humongous regions: 0->0
[2026-01-16T22:39:26.898+0530][2.042s][info][gc,metaspace] GC(1) Metaspace: 10076K(10432K)->10076K(10432K) NonClass: 8883K(9088K)->8883K(9088K) Class: 1193K(1344K)->1193K(1344K)
[2026-01-16T22:39:26.898+0530][2.043s][info][gc          ] GC(1) Pause Young (Normal) (G1 Evacuation Pause) 37M->5M(512M) 4.266ms
[2026-01-16T22:39:26.898+0530][2.043s][info][gc,cpu      ] GC(1) User=0.00s Sys=0.02s Real=0.01s
[2026-01-16T22:39:27.737+0530][2.881s][info][gc,start    ] GC(2) Pause Young (Concurrent Start) (Metadata GC Threshold)
[2026-01-16T22:39:27.737+0530][2.881s][info][gc,task     ] GC(2) Using 12 workers of 13 for evacuation
[2026-01-16T22:39:27.742+0530][2.886s][info][gc,phases   ] GC(2)   Pre Evacuate Collection Set: 0.1ms
[2026-01-16T22:39:27.742+0530][2.886s][info][gc,phases   ] GC(2)   Merge Heap Roots: 0.1ms
[2026-01-16T22:39:27.742+0530][2.886s][info][gc,phases   ] GC(2)   Evacuate Collection Set: 3.7ms
[2026-01-16T22:39:27.742+0530][2.887s][info][gc,phases   ] GC(2)   Post Evacuate Collection Set: 0.8ms
[2026-01-16T22:39:27.742+0530][2.887s][info][gc,phases   ] GC(2)   Other: 0.4ms
[2026-01-16T22:39:27.742+0530][2.887s][info][gc,heap     ] GC(2) Eden regions: 54->0(153)
[2026-01-16T22:39:27.742+0530][2.887s][info][gc,heap     ] GC(2) Survivor regions: 2->6(30)
[2026-01-16T22:39:27.742+0530][2.887s][info][gc,heap     ] GC(2) Old regions: 4->4
[2026-01-16T22:39:27.742+0530][2.887s][info][gc,heap     ] GC(2) Archive regions: 0->0
[2026-01-16T22:39:27.742+0530][2.887s][info][gc,heap     ] GC(2) Humongous regions: 0->0
[2026-01-16T22:39:27.742+0530][2.887s][info][gc,metaspace] GC(2) Metaspace: 21177K(21504K)->21177K(21504K) NonClass: 18579K(18752K)->18579K(18752K) Class: 2598K(2752K)->2598K(2752K)
[2026-01-16T22:39:27.742+0530][2.887s][info][gc          ] GC(2) Pause Young (Concurrent Start) (Metadata GC Threshold) 59M->8M(512M) 5.393ms
[2026-01-16T22:39:27.742+0530][2.887s][info][gc,cpu      ] GC(2) User=0.12s Sys=0.08s Real=0.01s
[2026-01-16T22:39:27.742+0530][2.887s][info][gc          ] GC(3) Concurrent Mark Cycle
[2026-01-16T22:39:27.742+0530][2.887s][info][gc,marking  ] GC(3) Concurrent Clear Claimed Marks
[2026-01-16T22:39:27.742+0530][2.887s][info][gc,marking  ] GC(3) Concurrent Clear Claimed Marks 0.046ms
[2026-01-16T22:39:27.742+0530][2.887s][info][gc,marking  ] GC(3) Concurrent Scan Root Regions
[2026-01-16T22:39:27.744+0530][2.889s][info][gc,marking  ] GC(3) Concurrent Scan Root Regions 2.079ms
[2026-01-16T22:39:27.744+0530][2.889s][info][gc,marking  ] GC(3) Concurrent Mark
[2026-01-16T22:39:27.744+0530][2.889s][info][gc,marking  ] GC(3) Concurrent Mark From Roots
[2026-01-16T22:39:27.744+0530][2.889s][info][gc,task     ] GC(3) Using 3 workers of 3 for marking
[2026-01-16T22:39:27.747+0530][2.891s][info][gc,marking  ] GC(3) Concurrent Mark From Roots 2.336ms
[2026-01-16T22:39:27.747+0530][2.891s][info][gc,marking  ] GC(3) Concurrent Preclean
[2026-01-16T22:39:27.747+0530][2.892s][info][gc,marking  ] GC(3) Concurrent Preclean 0.156ms
[2026-01-16T22:39:27.747+0530][2.892s][info][gc,start    ] GC(3) Pause Remark
[2026-01-16T22:39:27.749+0530][2.894s][info][gc          ] GC(3) Pause Remark 9M->9M(512M) 2.253ms
[2026-01-16T22:39:27.749+0530][2.894s][info][gc,cpu      ] GC(3) User=0.00s Sys=0.00s Real=0.00s
[2026-01-16T22:39:27.749+0530][2.894s][info][gc,marking  ] GC(3) Concurrent Mark 5.455ms
[2026-01-16T22:39:27.749+0530][2.895s][info][gc,marking  ] GC(3) Concurrent Rebuild Remembered Sets
[2026-01-16T22:39:27.750+0530][2.896s][info][gc,marking  ] GC(3) Concurrent Rebuild Remembered Sets 1.004ms
[2026-01-16T22:39:27.751+0530][2.896s][info][gc,start    ] GC(3) Pause Cleanup
[2026-01-16T22:39:27.751+0530][2.896s][info][gc          ] GC(3) Pause Cleanup 9M->9M(512M) 0.106ms
[2026-01-16T22:39:27.751+0530][2.896s][info][gc,cpu      ] GC(3) User=0.00s Sys=0.00s Real=0.00s
[2026-01-16T22:39:27.751+0530][2.896s][info][gc,marking  ] GC(3) Concurrent Cleanup for Next Mark
[2026-01-16T22:39:27.752+0530][2.897s][info][gc,marking  ] GC(3) Concurrent Cleanup for Next Mark 0.905ms
[2026-01-16T22:39:27.752+0530][2.897s][info][gc          ] GC(3) Concurrent Mark Cycle 10.118ms
[2026-01-16T22:39:45.172+0530][20.317s][info][gc,start    ] GC(4) Pause Young (Normal) (G1 Evacuation Pause)
[2026-01-16T22:39:45.172+0530][20.317s][info][gc,task     ] GC(4) Using 12 workers of 13 for evacuation
[2026-01-16T22:39:45.182+0530][20.327s][info][gc,phases   ] GC(4)   Pre Evacuate Collection Set: 0.1ms
[2026-01-16T22:39:45.182+0530][20.327s][info][gc,phases   ] GC(4)   Merge Heap Roots: 0.1ms
[2026-01-16T22:39:45.182+0530][20.327s][info][gc,phases   ] GC(4)   Evacuate Collection Set: 7.7ms
[2026-01-16T22:39:45.182+0530][20.327s][info][gc,phases   ] GC(4)   Post Evacuate Collection Set: 1.1ms
[2026-01-16T22:39:45.182+0530][20.327s][info][gc,phases   ] GC(4)   Other: 0.3ms
[2026-01-16T22:39:45.182+0530][20.327s][info][gc,heap     ] GC(4) Eden regions: 165->0(295)
[2026-01-16T22:39:45.182+0530][20.327s][info][gc,heap     ] GC(4) Survivor regions: 6->12(22)
[2026-01-16T22:39:45.182+0530][20.327s][info][gc,heap     ] GC(4) Old regions: 4->4
[2026-01-16T22:39:45.182+0530][20.327s][info][gc,heap     ] GC(4) Archive regions: 0->0
[2026-01-16T22:39:45.182+0530][20.327s][info][gc,heap     ] GC(4) Humongous regions: 0->0
[2026-01-16T22:39:45.182+0530][20.327s][info][gc,metaspace] GC(4) Metaspace: 35368K(35904K)->35368K(35904K) NonClass: 31042K(31296K)->31042K(31296K) Class: 4326K(4608K)->4326K(4608K)
[2026-01-16T22:39:45.183+0530][20.327s][info][gc          ] GC(4) Pause Young (Normal) (G1 Evacuation Pause) 173M->14M(512M) 9.773ms
[2026-01-16T22:39:45.183+0530][20.327s][info][gc,cpu      ] GC(4) User=0.05s Sys=0.14s Real=0.01s
[2026-01-16T22:39:46.173+0530][21.319s][info][gc,start    ] GC(5) Pause Young (Concurrent Start) (Metadata GC Threshold)
[2026-01-16T22:39:46.173+0530][21.319s][info][gc,task     ] GC(5) Using 12 workers of 13 for evacuation
[2026-01-16T22:39:46.178+0530][21.324s][info][gc,phases   ] GC(5)   Pre Evacuate Collection Set: 0.1ms
[2026-01-16T22:39:46.178+0530][21.324s][info][gc,phases   ] GC(5)   Merge Heap Roots: 0.0ms
[2026-01-16T22:39:46.178+0530][21.324s][info][gc,phases   ] GC(5)   Evacuate Collection Set: 4.1ms
[2026-01-16T22:39:46.178+0530][21.324s][info][gc,phases   ] GC(5)   Post Evacuate Collection Set: 0.6ms
[2026-01-16T22:39:46.178+0530][21.324s][info][gc,phases   ] GC(5)   Other: 0.2ms
[2026-01-16T22:39:46.178+0530][21.324s][info][gc,heap     ] GC(5) Eden regions: 25->0(295)
[2026-01-16T22:39:46.178+0530][21.324s][info][gc,heap     ] GC(5) Survivor regions: 12->12(39)
[2026-01-16T22:39:46.178+0530][21.324s][info][gc,heap     ] GC(5) Old regions: 4->4
[2026-01-16T22:39:46.178+0530][21.324s][info][gc,heap     ] GC(5) Archive regions: 0->0
[2026-01-16T22:39:46.178+0530][21.324s][info][gc,heap     ] GC(5) Humongous regions: 0->0
[2026-01-16T22:39:46.178+0530][21.324s][info][gc,metaspace] GC(5) Metaspace: 35601K(36096K)->35601K(36096K) NonClass: 31273K(31488K)->31273K(31488K) Class: 4327K(4608K)->4327K(4608K)
[2026-01-16T22:39:46.179+0530][21.324s][info][gc          ] GC(5) Pause Young (Concurrent Start) (Metadata GC Threshold) 39M->14M(512M) 5.209ms
[2026-01-16T22:39:46.179+0530][21.324s][info][gc,cpu      ] GC(5) User=0.12s Sys=0.06s Real=0.01s
[2026-01-16T22:39:46.179+0530][21.324s][info][gc          ] GC(6) Concurrent Mark Cycle
[2026-01-16T22:39:46.179+0530][21.324s][info][gc,marking  ] GC(6) Concurrent Clear Claimed Marks
[2026-01-16T22:39:46.179+0530][21.324s][info][gc,marking  ] GC(6) Concurrent Clear Claimed Marks 0.047ms
[2026-01-16T22:39:46.179+0530][21.324s][info][gc,marking  ] GC(6) Concurrent Scan Root Regions
[2026-01-16T22:39:46.181+0530][21.327s][info][gc,marking  ] GC(6) Concurrent Scan Root Regions 2.728ms
[2026-01-16T22:39:46.181+0530][21.327s][info][gc,marking  ] GC(6) Concurrent Mark
[2026-01-16T22:39:46.181+0530][21.327s][info][gc,marking  ] GC(6) Concurrent Mark From Roots
[2026-01-16T22:39:46.181+0530][21.327s][info][gc,task     ] GC(6) Using 3 workers of 3 for marking
[2026-01-16T22:39:46.183+0530][21.329s][info][gc,marking  ] GC(6) Concurrent Mark From Roots 1.976ms
[2026-01-16T22:39:46.183+0530][21.329s][info][gc,marking  ] GC(6) Concurrent Preclean
[2026-01-16T22:39:46.184+0530][21.329s][info][gc,marking  ] GC(6) Concurrent Preclean 0.132ms
[2026-01-16T22:39:46.184+0530][21.329s][info][gc,start    ] GC(6) Pause Remark
[2026-01-16T22:39:46.187+0530][21.332s][info][gc          ] GC(6) Pause Remark 16M->16M(512M) 3.042ms
[2026-01-16T22:39:46.187+0530][21.332s][info][gc,cpu      ] GC(6) User=0.00s Sys=0.00s Real=0.00s
[2026-01-16T22:39:46.187+0530][21.332s][info][gc,marking  ] GC(6) Concurrent Mark 5.456ms
[2026-01-16T22:39:46.187+0530][21.332s][info][gc,marking  ] GC(6) Concurrent Rebuild Remembered Sets
[2026-01-16T22:39:46.188+0530][21.333s][info][gc,marking  ] GC(6) Concurrent Rebuild Remembered Sets 1.114ms
[2026-01-16T22:39:46.189+0530][21.333s][info][gc,start    ] GC(6) Pause Cleanup
[2026-01-16T22:39:46.189+0530][21.334s][info][gc          ] GC(6) Pause Cleanup 17M->17M(512M) 0.090ms
[2026-01-16T22:39:46.189+0530][21.334s][info][gc,cpu      ] GC(6) User=0.00s Sys=0.00s Real=0.00s
[2026-01-16T22:39:46.189+0530][21.334s][info][gc,marking  ] GC(6) Concurrent Cleanup for Next Mark
[2026-01-16T22:39:46.190+0530][21.334s][info][gc,marking  ] GC(6) Concurrent Cleanup for Next Mark 0.855ms
[2026-01-16T22:39:46.190+0530][21.335s][info][gc          ] GC(6) Concurrent Mark Cycle 10.747ms
[2026-01-18T00:24:55.598+0530][92737.430s][info][gc,heap,exit] Heap
[2026-01-18T00:24:55.601+0530][92737.432s][info][gc,heap,exit]  garbage-first heap   total 524288K, used 166373K [0x00000000e0000000, 0x0000000100000000)
[2026-01-18T00:24:55.601+0530][92737.432s][info][gc,heap,exit]   region size 1024K, 160 young (163840K), 12 survivors (12288K)
[2026-01-18T00:24:55.601+0530][92737.432s][info][gc,heap,exit]  Metaspace       used 36503K, committed 36992K, reserved 1114112K
[2026-01-18T00:24:55.601+0530][92737.432s][info][gc,heap,exit]   class space    used 4374K, committed 4608K, reserved 1048576K
