[2026-01-15T20:00:25.796+0530][0.031s][info][gc] Using G1
[2026-01-15T20:00:25.802+0530][0.037s][info][gc,init] Version: 17.0.12+8-LTS-286 (release)
[2026-01-15T20:00:25.802+0530][0.037s][info][gc,init] CPUs: 16 total, 16 available
[2026-01-15T20:00:25.802+0530][0.037s][info][gc,init] Memory: 14188M
[2026-01-15T20:00:25.802+0530][0.037s][info][gc,init] Large Page Support: Disabled
[2026-01-15T20:00:25.803+0530][0.037s][info][gc,init] NUMA Support: Disabled
[2026-01-15T20:00:25.803+0530][0.037s][info][gc,init] Compressed Oops: Enabled (32-bit)
[2026-01-15T20:00:25.803+0530][0.037s][info][gc,init] Heap Region Size: 1M
[2026-01-15T20:00:25.803+0530][0.037s][info][gc,init] Heap Min Capacity: 512M
[2026-01-15T20:00:25.803+0530][0.037s][info][gc,init] Heap Initial Capacity: 512M
[2026-01-15T20:00:25.803+0530][0.037s][info][gc,init] Heap Max Capacity: 512M
[2026-01-15T20:00:25.803+0530][0.037s][info][gc,init] Pre-touch: Disabled
[2026-01-15T20:00:25.803+0530][0.037s][info][gc,init] Parallel Workers: 13
[2026-01-15T20:00:25.803+0530][0.037s][info][gc,init] Concurrent Workers: 3
[2026-01-15T20:00:25.803+0530][0.037s][info][gc,init] Concurrent Refinement Workers: 13
[2026-01-15T20:00:25.803+0530][0.037s][info][gc,init] Periodic GC: Disabled
[2026-01-15T20:00:25.812+0530][0.046s][info][gc,metaspace] CDS archive(s) mapped at: [0x0000023b48000000-0x0000023b48bd0000-0x0000023b48bd0000), size 12386304, SharedBaseAddress: 0x0000023b48000000, ArchiveRelocationMode: 1.
[2026-01-15T20:00:25.812+0530][0.047s][info][gc,metaspace] Compressed class space mapped at: 0x0000023b49000000-0x0000023b89000000, reserved size: 1073741824
[2026-01-15T20:00:25.812+0530][0.047s][info][gc,metaspace] Narrow klass base: 0x0000023b48000000, Narrow klass shift: 0, Narrow klass range: 0x100000000
[2026-01-15T20:00:26.707+0530][0.942s][info][gc,start    ] GC(0) Pause Young (Normal) (G1 Evacuation Pause)
[2026-01-15T20:00:26.708+0530][0.943s][info][gc,task     ] GC(0) Using 12 workers of 13 for evacuation
[2026-01-15T20:00:26.712+0530][0.947s][info][gc,phases   ] GC(0)   Pre Evacuate Collection Set: 0.1ms
[2026-01-15T20:00:26.712+0530][0.947s][info][gc,phases   ] GC(0)   Merge Heap Roots: 0.1ms
[2026-01-15T20:00:26.712+0530][0.947s][info][gc,phases   ] GC(0)   Evacuate Collection Set: 2.8ms
[2026-01-15T20:00:26.712+0530][0.947s][info][gc,phases   ] GC(0)   Post Evacuate Collection Set: 0.5ms
[2026-01-15T20:00:26.712+0530][0.947s][info][gc,phases   ] GC(0)   Other: 1.8ms
[2026-01-15T20:00:26.712+0530][0.947s][info][gc,heap     ] GC(0) Eden regions: 25->0(32)
[2026-01-15T20:00:26.712+0530][0.947s][info][gc,heap     ] GC(0) Survivor regions: 0->4(4)
[2026-01-15T20:00:26.712+0530][0.947s][info][gc,heap     ] GC(0) Old regions: 0->1
[2026-01-15T20:00:26.712+0530][0.947s][info][gc,heap     ] GC(0) Archive regions: 0->0
[2026-01-15T20:00:26.712+0530][0.947s][info][gc,heap     ] GC(0) Humongous regions: 0->0
[2026-01-15T20:00:26.712+0530][0.947s][info][gc,metaspace] GC(0) Metaspace: 4334K(4416K)->4334K(4416K) NonClass: 3931K(3968K)->3931K(3968K) Class: 403K(448K)->403K(448K)
[2026-01-15T20:00:26.712+0530][0.947s][info][gc          ] GC(0) Pause Young (Normal) (G1 Evacuation Pause) 25M->4M(512M) 5.272ms
[2026-01-15T20:00:26.712+0530][0.947s][info][gc,cpu      ] GC(0) User=0.00s Sys=0.00s Real=0.00s
[2026-01-15T20:00:27.900+0530][2.134s][info][gc,start    ] GC(1) Pause Young (Normal) (G1 Evacuation Pause)
[2026-01-15T20:00:27.900+0530][2.134s][info][gc,task     ] GC(1) Using 12 workers of 13 for evacuation
[2026-01-15T20:00:27.905+0530][2.139s][info][gc,phases   ] GC(1)   Pre Evacuate Collection Set: 0.1ms
[2026-01-15T20:00:27.905+0530][2.139s][info][gc,phases   ] GC(1)   Merge Heap Roots: 0.1ms
[2026-01-15T20:00:27.905+0530][2.139s][info][gc,phases   ] GC(1)   Evacuate Collection Set: 4.2ms
[2026-01-15T20:00:27.905+0530][2.139s][info][gc,phases   ] GC(1)   Post Evacuate Collection Set: 0.6ms
[2026-01-15T20:00:27.905+0530][2.139s][info][gc,phases   ] GC(1)   Other: 0.2ms
[2026-01-15T20:00:27.905+0530][2.139s][info][gc,heap     ] GC(1) Eden regions: 32->0(198)
[2026-01-15T20:00:27.905+0530][2.139s][info][gc,heap     ] GC(1) Survivor regions: 4->3(5)
[2026-01-15T20:00:27.905+0530][2.139s][info][gc,heap     ] GC(1) Old regions: 1->5
[2026-01-15T20:00:27.905+0530][2.139s][info][gc,heap     ] GC(1) Archive regions: 0->0
[2026-01-15T20:00:27.905+0530][2.139s][info][gc,heap     ] GC(1) Humongous regions: 0->0
[2026-01-15T20:00:27.905+0530][2.140s][info][gc,metaspace] GC(1) Metaspace: 12772K(13120K)->12772K(13120K) NonClass: 11239K(11456K)->11239K(11456K) Class: 1532K(1664K)->1532K(1664K)
[2026-01-15T20:00:27.905+0530][2.140s][info][gc          ] GC(1) Pause Young (Normal) (G1 Evacuation Pause) 36M->7M(512M) 5.663ms
[2026-01-15T20:00:27.905+0530][2.140s][info][gc,cpu      ] GC(1) User=0.00s Sys=0.00s Real=0.00s
[2026-01-15T20:00:28.935+0530][3.169s][info][gc,start    ] GC(2) Pause Young (Concurrent Start) (Metadata GC Threshold)
[2026-01-15T20:00:28.935+0530][3.169s][info][gc,task     ] GC(2) Using 12 workers of 13 for evacuation
[2026-01-15T20:00:28.940+0530][3.175s][info][gc,phases   ] GC(2)   Pre Evacuate Collection Set: 0.2ms
[2026-01-15T20:00:28.940+0530][3.175s][info][gc,phases   ] GC(2)   Merge Heap Roots: 0.1ms
[2026-01-15T20:00:28.940+0530][3.175s][info][gc,phases   ] GC(2)   Evacuate Collection Set: 4.7ms
[2026-01-15T20:00:28.940+0530][3.175s][info][gc,phases   ] GC(2)   Post Evacuate Collection Set: 0.7ms
[2026-01-15T20:00:28.940+0530][3.175s][info][gc,phases   ] GC(2)   Other: 0.3ms
[2026-01-15T20:00:28.940+0530][3.175s][info][gc,heap     ] GC(2) Eden regions: 43->0(290)
[2026-01-15T20:00:28.940+0530][3.175s][info][gc,heap     ] GC(2) Survivor regions: 3->7(26)
[2026-01-15T20:00:28.940+0530][3.175s][info][gc,heap     ] GC(2) Old regions: 5->5
[2026-01-15T20:00:28.940+0530][3.175s][info][gc,heap     ] GC(2) Archive regions: 0->0
[2026-01-15T20:00:28.940+0530][3.175s][info][gc,heap     ] GC(2) Humongous regions: 0->0
[2026-01-15T20:00:28.940+0530][3.175s][info][gc,metaspace] GC(2) Metaspace: 21163K(21504K)->21163K(21504K) NonClass: 18568K(18752K)->18568K(18752K) Class: 2595K(2752K)->2595K(2752K)
[2026-01-15T20:00:28.940+0530][3.175s][info][gc          ] GC(2) Pause Young (Concurrent Start) (Metadata GC Threshold) 49M->10M(512M) 6.217ms
[2026-01-15T20:00:28.940+0530][3.175s][info][gc,cpu      ] GC(2) User=0.02s Sys=0.03s Real=0.01s
[2026-01-15T20:00:28.941+0530][3.175s][info][gc          ] GC(3) Concurrent Mark Cycle
[2026-01-15T20:00:28.941+0530][3.175s][info][gc,marking  ] GC(3) Concurrent Clear Claimed Marks
[2026-01-15T20:00:28.941+0530][3.175s][info][gc,marking  ] GC(3) Concurrent Clear Claimed Marks 0.045ms
[2026-01-15T20:00:28.941+0530][3.175s][info][gc,marking  ] GC(3) Concurrent Scan Root Regions
[2026-01-15T20:00:28.944+0530][3.178s][info][gc,marking  ] GC(3) Concurrent Scan Root Regions 2.567ms
[2026-01-15T20:00:28.944+0530][3.178s][info][gc,marking  ] GC(3) Concurrent Mark
[2026-01-15T20:00:28.944+0530][3.178s][info][gc,marking  ] GC(3) Concurrent Mark From Roots
[2026-01-15T20:00:28.944+0530][3.178s][info][gc,task     ] GC(3) Using 3 workers of 3 for marking
[2026-01-15T20:00:28.947+0530][3.181s][info][gc,marking  ] GC(3) Concurrent Mark From Roots 2.729ms
[2026-01-15T20:00:28.947+0530][3.181s][info][gc,marking  ] GC(3) Concurrent Preclean
[2026-01-15T20:00:28.947+0530][3.181s][info][gc,marking  ] GC(3) Concurrent Preclean 0.151ms
[2026-01-15T20:00:28.947+0530][3.181s][info][gc,start    ] GC(3) Pause Remark
[2026-01-15T20:00:28.950+0530][3.185s][info][gc          ] GC(3) Pause Remark 11M->11M(512M) 3.615ms
[2026-01-15T20:00:28.951+0530][3.185s][info][gc,cpu      ] GC(3) User=0.00s Sys=0.00s Real=0.00s
[2026-01-15T20:00:28.951+0530][3.185s][info][gc,marking  ] GC(3) Concurrent Mark 7.164ms
[2026-01-15T20:00:28.951+0530][3.185s][info][gc,marking  ] GC(3) Concurrent Rebuild Remembered Sets
[2026-01-15T20:00:28.952+0530][3.187s][info][gc,marking  ] GC(3) Concurrent Rebuild Remembered Sets 1.582ms
[2026-01-15T20:00:28.952+0530][3.187s][info][gc,start    ] GC(3) Pause Cleanup
[2026-01-15T20:00:28.952+0530][3.187s][info][gc          ] GC(3) Pause Cleanup 11M->11M(512M) 0.162ms
[2026-01-15T20:00:28.954+0530][3.187s][info][gc,cpu      ] GC(3) User=0.00s Sys=0.00s Real=0.00s
[2026-01-15T20:00:28.954+0530][3.187s][info][gc,marking  ] GC(3) Concurrent Cleanup for Next Mark
[2026-01-15T20:00:28.955+0530][3.189s][info][gc,marking  ] GC(3) Concurrent Cleanup for Next Mark 1.785ms
[2026-01-15T20:00:28.955+0530][3.189s][info][gc          ] GC(3) Concurrent Mark Cycle 13.999ms
[2026-01-15T20:08:18.238+0530][472.472s][info][gc,heap,exit] Heap
[2026-01-15T20:08:18.238+0530][472.472s][info][gc,heap,exit]  garbage-first heap   total 524288K, used 63235K [0x00000000e0000000, 0x0000000100000000)
[2026-01-15T20:08:18.238+0530][472.472s][info][gc,heap,exit]   region size 1024K, 58 young (59392K), 7 survivors (7168K)
[2026-01-15T20:08:18.238+0530][472.472s][info][gc,heap,exit]  Metaspace       used 30389K, committed 30848K, reserved 1114112K
[2026-01-15T20:08:18.238+0530][472.472s][info][gc,heap,exit]   class space    used 3819K, committed 4032K, reserved 1048576K
